Archive member included to satisfy reference by file (symbol)

../Middlewares/ST/ARM/DSP/Lib/libarm_cortexM4lf_math.a(arm_rfft_fast_init_f32.o)
                              ./Core/Src/stft_solver.o (arm_rfft_fast_init_f32)
../Middlewares/ST/ARM/DSP/Lib/libarm_cortexM4lf_math.a(arm_rfft_fast_f32.o)
                              ./Core/Src/stft_solver.o (arm_rfft_fast_f32)
../Middlewares/ST/ARM/DSP/Lib/libarm_cortexM4lf_math.a(arm_cfft_f32.o)
                              ../Middlewares/ST/ARM/DSP/Lib/libarm_cortexM4lf_math.a(arm_rfft_fast_f32.o) (arm_cfft_f32)
../Middlewares/ST/ARM/DSP/Lib/libarm_cortexM4lf_math.a(arm_bitreversal2.o)
                              ../Middlewares/ST/ARM/DSP/Lib/libarm_cortexM4lf_math.a(arm_cfft_f32.o) (arm_bitreversal_32)
../Middlewares/ST/ARM/DSP/Lib/libarm_cortexM4lf_math.a(arm_common_tables.o)
                              ../Middlewares/ST/ARM/DSP/Lib/libarm_cortexM4lf_math.a(arm_rfft_fast_init_f32.o) (twiddleCoef_rfft_4096)
../Middlewares/ST/ARM/DSP/Lib/libarm_cortexM4lf_math.a(arm_cfft_init_f32.o)
                              ../Middlewares/ST/ARM/DSP/Lib/libarm_cortexM4lf_math.a(arm_rfft_fast_init_f32.o) (arm_cfft_init_f32)
../Middlewares/ST/ARM/DSP/Lib/libarm_cortexM4lf_math.a(arm_cfft_radix8_f32.o)
                              ../Middlewares/ST/ARM/DSP/Lib/libarm_cortexM4lf_math.a(arm_cfft_f32.o) (arm_radix8_butterfly_f32)
../Middlewares/ST/ARM/DSP/Lib/libarm_cortexM4lf_math.a(arm_const_structs.o)
                              ../Middlewares/ST/ARM/DSP/Lib/libarm_cortexM4lf_math.a(arm_cfft_init_f32.o) (arm_cfft_sR_f32_len4096)
../Middlewares/ST/AI/Lib/NetworkRuntime910_CM4_GCC.a(ai_platform.o)
                              ./X-CUBE-AI/App/tra_network.o (ai_buffer_array_item_set_address)
../Middlewares/ST/AI/Lib/NetworkRuntime910_CM4_GCC.a(ai_platform_interface.o)
                              ./X-CUBE-AI/App/tra_network.o (ai_platform_get_weights_map)
../Middlewares/ST/AI/Lib/NetworkRuntime910_CM4_GCC.a(core_common.o)
                              ../Middlewares/ST/AI/Lib/NetworkRuntime910_CM4_GCC.a(ai_platform_interface.o) (core_init)
../Middlewares/ST/AI/Lib/NetworkRuntime910_CM4_GCC.a(core_convert.o)
                              ./X-CUBE-AI/App/tra_network.o (node_convert)
../Middlewares/ST/AI/Lib/NetworkRuntime910_CM4_GCC.a(core_mem_manager.o)
                              ../Middlewares/ST/AI/Lib/NetworkRuntime910_CM4_GCC.a(ai_platform_interface.o) (core_mem_alloc)
../Middlewares/ST/AI/Lib/NetworkRuntime910_CM4_GCC.a(layers.o)
                              ../Middlewares/ST/AI/Lib/NetworkRuntime910_CM4_GCC.a(ai_platform_interface.o) (ai_check_custom_types)
../Middlewares/ST/AI/Lib/NetworkRuntime910_CM4_GCC.a(layers_conv2d_sssa8_ch.o)
                              ./X-CUBE-AI/App/tra_network.o (forward_conv2d_deep_3x3_sssa8_ch_nl_pool)
../Middlewares/ST/AI/Lib/NetworkRuntime910_CM4_GCC.a(layers_conv2d_stm32_integer.o)
                              ./X-CUBE-AI/App/tra_network.o (forward_dense_integer_SSSA_ch)
../Middlewares/ST/AI/Lib/NetworkRuntime910_CM4_GCC.a(layers_nl_stm32_integer.o)
                              ./X-CUBE-AI/App/tra_network.o (nl_func_array_integer)
../Middlewares/ST/AI/Lib/NetworkRuntime910_CM4_GCC.a(layers_pool_stm32_integer.o)
                              ./X-CUBE-AI/App/tra_network.o (pool_func_mp_array_integer_INT8)
../Middlewares/ST/AI/Lib/NetworkRuntime910_CM4_GCC.a(layers_pw_sssa8_ch.o)
                              ./X-CUBE-AI/App/tra_network.o (forward_pw_sssa8_ch)
../Middlewares/ST/AI/Lib/NetworkRuntime910_CM4_GCC.a(layers_upsample.o)
                              ./X-CUBE-AI/App/tra_network.o (forward_upsample_bilinear_is8os8)
../Middlewares/ST/AI/Lib/NetworkRuntime910_CM4_GCC.a(layers_conv2d_integer_scratch.o)
                              ../Middlewares/ST/AI/Lib/NetworkRuntime910_CM4_GCC.a(layers.o) (get_conv2d_scratch_size)
../Middlewares/ST/AI/Lib/NetworkRuntime910_CM4_GCC.a(forward_lite_convert.o)
                              ../Middlewares/ST/AI/Lib/NetworkRuntime910_CM4_GCC.a(core_convert.o) (forward_lite_node_convert_is1os8)
../Middlewares/ST/AI/Lib/NetworkRuntime910_CM4_GCC.a(forward_lite_dense_is8os8ws8.o)
                              ../Middlewares/ST/AI/Lib/NetworkRuntime910_CM4_GCC.a(layers_conv2d_stm32_integer.o) (forward_lite_dense_is8os8ws8)
../Middlewares/ST/AI/Lib/NetworkRuntime910_CM4_GCC.a(forward_lite_maxpool_is8os8_scalepos.o)
                              ../Middlewares/ST/AI/Lib/NetworkRuntime910_CM4_GCC.a(layers_pool_stm32_integer.o) (forward_lite_maxpool_is8os8_scalepos)
../Middlewares/ST/AI/Lib/NetworkRuntime910_CM4_GCC.a(forward_lite_avepool_is8os8.o)
                              ../Middlewares/ST/AI/Lib/NetworkRuntime910_CM4_GCC.a(layers_pool_stm32_integer.o) (forward_lite_avepool_is8os8)
../Middlewares/ST/AI/Lib/NetworkRuntime910_CM4_GCC.a(lite_convert_kernel.o)
                              ../Middlewares/ST/AI/Lib/NetworkRuntime910_CM4_GCC.a(forward_lite_convert.o) (lite_convert_is8of32)
[...]
Memory Configuration

Name             Origin             Length             Attributes
CCMRAM           0x10000000         0x00010000         xrw
RAM              0x20000000         0x00030000         xrw
FLASH            0x08000000         0x00200000         xr
*default*        0x00000000         0xffffffff

Linker script and memory map

LOAD /opt/st/stm32cubeide_1.17.0/plugins/com.st.stm32cube.ide.mcu.externaltools.gnu-tools-for-stm32.12.3.rel1.linux64_1.1.0.202410170702/tools/bin/../lib/gcc/arm-none-eabi/12.3.1/thumb/v7e-m+fp/hard/crti.o
LOAD /opt/st/stm32cubeide_1.17.0/plugins/com.st.stm32cube.ide.mcu.externaltools.gnu-tools-for-stm32.12.3.rel1.linux64_1.1.0.202410170702/tools/bin/../lib/gcc/arm-none-eabi/12.3.1/thumb/v7e-m+fp/hard/crtbegin.o
LOAD /opt/st/stm32cubeide_1.17.0/plugins/com.st.stm32cube.ide.mcu.externaltools.gnu-tools-for-stm32.12.3.rel1.linux64_1.1.0.202410170702/tools/bin/../lib/gcc/arm-none-eabi/12.3.1/../../../../arm-none-eabi/lib/thumb/v7e-m+fp/hard/crt0.o
LOAD ./Core/Src/adc.o
LOAD ./Core/Src/decimation_filter.o
LOAD ./Core/Src/fir_filter.o
LOAD ./Core/Src/gpio.o
LOAD ./Core/Src/i2c.o
LOAD ./Core/Src/liquid_crystal_i2c.o
LOAD ./Core/Src/main.o
LOAD ./Core/Src/stft_solver.o
LOAD ./Core/Src/stm32f4xx_hal_msp.o
LOAD ./Core/Src/stm32f4xx_it.o
LOAD ./Core/Src/sysmem.o
LOAD ./Core/Src/system_stm32f4xx.o
LOAD ./Core/Src/tim.o
LOAD ./Core/Src/usart.o
LOAD ./Core/Src/usb_otg.o
LOAD ./Core/Startup/startup_stm32f429zitx.o
LOAD ./Drivers/STM32F4xx_HAL_Driver/Src/stm32f4xx_hal.o
LOAD ./Drivers/STM32F4xx_HAL_Driver/Src/stm32f4xx_hal_adc.o
LOAD ./Drivers/STM32F4xx_HAL_Driver/Src/stm32f4xx_hal_adc_ex.o
LOAD ./Drivers/STM32F4xx_HAL_Driver/Src/stm32f4xx_hal_cortex.o
LOAD ./Drivers/STM32F4xx_HAL_Driver/Src/stm32f4xx_hal_dma.o
LOAD ./Drivers/STM32F4xx_HAL_Driver/Src/stm32f4xx_hal_dma_ex.o
LOAD ./Drivers/STM32F4xx_HAL_Driver/Src/stm32f4xx_hal_exti.o
LOAD ./Drivers/STM32F4xx_HAL_Driver/Src/stm32f4xx_hal_flash.o
LOAD ./Drivers/STM32F4xx_HAL_Driver/Src/stm32f4xx_hal_flash_ex.o
LOAD ./Drivers/STM32F4xx_HAL_Driver/Src/stm32f4xx_hal_flash_ramfunc.o
LOAD ./Drivers/STM32F4xx_HAL_Driver/Src/stm32f4xx_hal_gpio.o
LOAD ./Drivers/STM32F4xx_HAL_Driver/Src/stm32f4xx_hal_i2c.o
LOAD ./Drivers/STM32F4xx_HAL_Driver/Src/stm32f4xx_hal_i2c_ex.o
LOAD ./Drivers/STM32F4xx_HAL_Driver/Src/stm32f4xx_hal_pcd.o
LOAD ./Drivers/STM32F4xx_HAL_Driver/Src/stm32f4xx_hal_pcd_ex.o
LOAD ./Drivers/STM32F4xx_HAL_Driver/Src/stm32f4xx_hal_pwr.o
LOAD ./Drivers/STM32F4xx_HAL_Driver/Src/stm32f4xx_hal_pwr_ex.o
LOAD ./Drivers/STM32F4xx_HAL_Driver/Src/stm32f4xx_hal_rcc.o
LOAD ./Drivers/STM32F4xx_HAL_Driver/Src/stm32f4xx_hal_rcc_ex.o
LOAD ./Drivers/STM32F4xx_HAL_Driver/Src/stm32f4xx_hal_tim.o
LOAD ./Drivers/STM32F4xx_HAL_Driver/Src/stm32f4xx_hal_tim_ex.o
LOAD ./Drivers/STM32F4xx_HAL_Driver/Src/stm32f4xx_hal_uart.o
LOAD ./Drivers/STM32F4xx_HAL_Driver/Src/stm32f4xx_ll_adc.o
LOAD ./Drivers/STM32F4xx_HAL_Driver/Src/stm32f4xx_ll_usb.o
LOAD ./X-CUBE-AI/App/app_x-cube-ai.o
LOAD ./X-CUBE-AI/App/tra_network.o
LOAD ./X-CUBE-AI/App/tra_network_data.o
LOAD ./X-CUBE-AI/App/tra_network_data_params.o
START GROUP
LOAD ../Middlewares/ST/ARM/DSP/Lib/libarm_cortexM4lf_math.a
LOAD ../Middlewares/ST/AI/Lib/NetworkRuntime910_CM4_GCC.a
END GROUP
START GROUP
LOAD /opt/st/stm32cubeide_1.17.0/plugins/com.st.stm32cube.ide.mcu.externaltools.gnu-tools-for-stm32.12.3.rel1.linux64_1.1.0.202410170702/tools/bin/../lib/gcc/arm-none-eabi/12.3.1/../../../../arm-none-eabi/lib/thumb/v7e-m+fp/hard/libc_nano.a
LOAD /opt/st/stm32cubeide_1.17.0/plugins/com.st.stm32cube.ide.mcu.externaltools.gnu-tools-for-stm32.12.3.rel1.linux64_1.1.0.202410170702/tools/bin/../lib/gcc/arm-none-eabi/12.3.1/../../../../arm-none-eabi/lib/thumb/v7e-m+fp/hard/libm.a
END GROUP
START GROUP
LOAD /opt/st/stm32cubeide_1.17.0/plugins/com.st.stm32cube.ide.mcu.externaltools.gnu-tools-for-stm32.12.3.rel1.linux64_1.1.0.202410170702/tools/bin/../lib/gcc/arm-none-eabi/12.3.1/thumb/v7e-m+fp/hard/libgcc.a
LOAD /opt/st/stm32cubeide_1.17.0/plugins/com.st.stm32cube.ide.mcu.externaltools.gnu-tools-for-stm32.12.3.rel1.linux64_1.1.0.202410170702/tools/bin/../lib/gcc/arm-none-eabi/12.3.1/../../../../arm-none-eabi/lib/thumb/v7e-m+fp/hard/libc_nano.a
END GROUP
START GROUP
LOAD /opt/st/stm32cubeide_1.17.0/plugins/com.st.stm32cube.ide.mcu.externaltools.gnu-tools-for-stm32.12.3.rel1.linux64_1.1.0.202410170702/tools/bin/../lib/gcc/arm-none-eabi/12.3.1/thumb/v7e-m+fp/hard/libgcc.a
LOAD /opt/st/stm32cubeide_1.17.0/plugins/com.st.stm32cube.ide.mcu.externaltools.gnu-tools-for-stm32.12.3.rel1.linux64_1.1.0.202410170702/tools/bin/../lib/gcc/arm-none-eabi/12.3.1/../../../../arm-none-eabi/lib/thumb/v7e-m+fp/hard/libc_nano.a
LOAD /opt/st/stm32cubeide_1.17.0/plugins/com.st.stm32cube.ide.mcu.externaltools.gnu-tools-for-stm32.12.3.rel1.linux64_1.1.0.202410170702/tools/bin/../lib/gcc/arm-none-eabi/12.3.1/../../../../arm-none-eabi/lib/thumb/v7e-m+fp/hard/libnosys.a
END GROUP
START GROUP
LOAD /opt/st/stm32cubeide_1.17.0/plugins/com.st.stm32cube.ide.mcu.externaltools.gnu-tools-for-stm32.12.3.rel1.linux64_1.1.0.202410170702/tools/bin/../lib/gcc/arm-none-eabi/12.3.1/thumb/v7e-m+fp/hard/libgcc.a
LOAD /opt/st/stm32cubeide_1.17.0/plugins/com.st.stm32cube.ide.mcu.externaltools.gnu-tools-for-stm32.12.3.rel1.linux64_1.1.0.202410170702/tools/bin/../lib/gcc/arm-none-eabi/12.3.1/../../../../arm-none-eabi/lib/thumb/v7e-m+fp/hard/libc_nano.a
LOAD /opt/st/stm32cubeide_1.17.0/plugins/com.st.stm32cube.ide.mcu.externaltools.gnu-tools-for-stm32.12.3.rel1.linux64_1.1.0.202410170702/tools/bin/../lib/gcc/arm-none-eabi/12.3.1/../../../../arm-none-eabi/lib/thumb/v7e-m+fp/hard/libnosys.a
END GROUP
LOAD /opt/st/stm32cubeide_1.17.0/plugins/com.st.stm32cube.ide.mcu.externaltools.gnu-tools-for-stm32.12.3.rel1.linux64_1.1.0.202410170702/tools/bin/../lib/gcc/arm-none-eabi/12.3.1/thumb/v7e-m+fp/hard/crtend.o
LOAD /opt/st/stm32cubeide_1.17.0/plugins/com.st.stm32cube.ide.mcu.externaltools.gnu-tools-for-stm32.12.3.rel1.linux64_1.1.0.202410170702/tools/bin/../lib/gcc/arm-none-eabi/12.3.1/thumb/v7e-m+fp/hard/crtn.o
                0x20030000                        _estack = (ORIGIN (RAM) + LENGTH (RAM))
                0x00000800                        _Min_Heap_Size = 0x800
                0x00000800                        _Min_Stack_Size = 0x800

.isr_vector     0x08000000      0x1ac
                0x08000000                        . = ALIGN (0x4)
 *(.isr_vector)
 .isr_vector    0x08000000      0x1ac ./Core/Startup/startup_stm32f429zitx.o
                0x08000000                g_pfnVectors
                0x080001ac                        . = ALIGN (0x4)

.text           0x08010000    0x16af0
                0x08010000                        . = ALIGN (0x4)
 *(.text)
 .text          0x08010000       0x40 /opt/st/stm32cubeide_1.17.0/plugins/com.st.stm32cube.ide.mcu.externaltools.gnu-tools-for-stm32.12.3.rel1.linux64_1.1.0.202410170702/tools/bin/../lib/gcc/arm-none-eabi/12.3.1/thumb/v7e-m+fp/hard/crtbegin.o
 .text          0x08010040       0xa0 /opt/st/stm32cubeide_1.17.0/plugins/com.st.stm32cube.ide.mcu.externaltools.gnu-tools-for-stm32.12.3.rel1.linux64_1.1.0.202410170702/tools/bin/../lib/gcc/arm-none-eabi/12.3.1/../../../../arm-none-eabi/lib/thumb/v7e-m+fp/hard/libc_nano.a(libc_a-memchr.o)
                0x08010040                memchr
 .text          0x080100e0       0x10 /opt/st/stm32cubeide_1.17.0/plugins/com.st.stm32cube.ide.mcu.externaltools.gnu-tools-for-stm32.12.3.rel1.linux64_1.1.0.202410170702/tools/bin/../lib/gcc/arm-none-eabi/12.3.1/../../../../arm-none-eabi/lib/thumb/v7e-m+fp/hard/libc_nano.a(libc_a-strlen.o)
                0x080100e0                strlen
 .text          0x080100f0      0x378 /opt/st/stm32cubeide_1.17.0/plugins/com.st.stm32cube.ide.mcu.externaltools.gnu-tools-for-stm32.12.3.rel1.linux64_1.1.0.202410170702/tools/bin/../lib/gcc/arm-none-eabi/12.3.1/thumb/v7e-m+fp/hard/libgcc.a(_arm_addsubdf3.o)
                0x080100f0                __aeabi_drsub
                0x080100f8                __aeabi_dsub
                0x080100f8                __subdf3
                0x080100fc                __adddf3
                0x080100fc                __aeabi_dadd
                0x08010374                __aeabi_ui2d
                0x08010374                __floatunsidf
                0x08010394                __floatsidf
                0x08010394                __aeabi_i2d
                0x080103b8                __extendsfdf2
                0x080103b8                __aeabi_f2d
                0x080103fc                __aeabi_ul2d
                0x080103fc                __floatundidf
                0x0801040c                __floatdidf
                0x0801040c                __aeabi_l2d
 .text          0x08010468      0x424 /opt/st/stm32cubeide_1.17.0/plugins/com.st.stm32cube.ide.mcu.externaltools.gnu-tools-for-stm32.12.3.rel1.linux64_1.1.0.202410170702/tools/bin/../lib/gcc/arm-none-eabi/12.3.1/thumb/v7e-m+fp/hard/libgcc.a(_arm_muldivdf3.o)
                0x08010468                __aeabi_dmul
                0x08010468                __muldf3
                0x080106bc                __aeabi_ddiv
                0x080106bc                __divdf3
 .text          0x0801088c      0x110 /opt/st/stm32cubeide_1.17.0/plugins/com.st.stm32cube.ide.mcu.externaltools.gnu-tools-for-stm32.12.3.rel1.linux64_1.1.0.202410170702/tools/bin/../lib/gcc/arm-none-eabi/12.3.1/thumb/v7e-m+fp/hard/libgcc.a(_arm_cmpdf2.o)
                0x0801088c                __gtdf2
                0x0801088c                __gedf2
                0x08010894                __ltdf2
                0x08010894                __ledf2
                0x0801089c                __cmpdf2
                0x0801089c                __eqdf2
                0x0801089c                __nedf2
                0x08010918                __aeabi_cdrcmple
                0x08010928                __aeabi_cdcmple
                0x08010928                __aeabi_cdcmpeq
                0x08010938                __aeabi_dcmpeq
                0x0801094c                __aeabi_dcmplt
                0x08010960                __aeabi_dcmple
                0x08010974                __aeabi_dcmpge
                0x08010988                __aeabi_dcmpgt
 .text          0x0801099c       0x2c /opt/st/stm32cubeide_1.17.0/plugins/com.st.stm32cube.ide.mcu.externaltools.gnu-tools-for-stm32.12.3.rel1.linux64_1.1.0.202410170702/tools/bin/../lib/gcc/arm-none-eabi/12.3.1/thumb/v7e-m+fp/hard/libgcc.a(_arm_unorddf2.o)
                0x0801099c                __aeabi_dcmpun
                0x0801099c                __unorddf2
 .text          0x080109c8       0x50 /opt/st/stm32cubeide_1.17.0/plugins/com.st.stm32cube.ide.mcu.externaltools.gnu-tools-for-stm32.12.3.rel1.linux64_1.1.0.202410170702/tools/bin/../lib/gcc/arm-none-eabi/12.3.1/thumb/v7e-m+fp/hard/libgcc.a(_arm_fixdfsi.o)
                0x080109c8                __fixdfsi
                0x080109c8                __aeabi_d2iz
 .text          0x08010a18       0x30 /opt/st/stm32cubeide_1.17.0/plugins/com.st.stm32cube.ide.mcu.externaltools.gnu-tools-for-stm32.12.3.rel1.linux64_1.1.0.202410170702/tools/bin/../lib/gcc/arm-none-eabi/12.3.1/thumb/v7e-m+fp/hard/libgcc.a(_aeabi_uldivmod.o)
                0x08010a18                __aeabi_uldivmod
 .text          0x08010a48      0x2bc /opt/st/stm32cubeide_1.17.0/plugins/com.st.stm32cube.ide.mcu.externaltools.gnu-tools-for-stm32.12.3.rel1.linux64_1.1.0.202410170702/tools/bin/../lib/gcc/arm-none-eabi/12.3.1/thumb/v7e-m+fp/hard/libgcc.a(_udivmoddi4.o)
                0x08010a48                __udivmoddi4
 .text          0x08010d04        0x4 /opt/st/stm32cubeide_1.17.0/plugins/com.st.stm32cube.ide.mcu.externaltools.gnu-tools-for-stm32.12.3.rel1.linux64_1.1.0.202410170702/tools/bin/../lib/gcc/arm-none-eabi/12.3.1/thumb/v7e-m+fp/hard/libgcc.a(_dvmd_tls.o)
                0x08010d04                __aeabi_ldiv0
                0x08010d04                __aeabi_idiv0
 *(.text*)
 .text.MX_ADC1_Init
                0x08010d08       0x6c ./Core/Src/adc.o
                0x08010d08                MX_ADC1_Init
 .text.HAL_ADC_MspInit
                0x08010d74       0x74 ./Core/Src/adc.o
                0x08010d74                HAL_ADC_MspInit
 .text.DecimationFilterInit
                0x08010de8        0xe ./Core/Src/decimation_filter.o
                0x08010de8                DecimationFilterInit
 .text.DecimationFilterUpdate
                0x08010df6       0x28 ./Core/Src/decimation_filter.o
                0x08010df6                DecimationFilterUpdate
 .text.FIRFilterInit
                0x08010e1e       0x22 ./Core/Src/fir_filter.o
                0x08010e1e                FIRFilterInit
 .text.FIRFilterUpdate
                0x08010e40       0x5a ./Core/Src/fir_filter.o
                0x08010e40                FIRFilterUpdate
 *fill*         0x08010e9a        0x2 
 .text.MX_GPIO_Init
                0x08010e9c      0x17c ./Core/Src/gpio.o
                0x08010e9c                MX_GPIO_Init
 .text.MX_I2C1_Init
                0x08011018       0x58 ./Core/Src/i2c.o
                0x08011018                MX_I2C1_Init
 .text.HAL_I2C_MspInit
                0x08011070       0x70 ./Core/Src/i2c.o
                0x08011070                HAL_I2C_MspInit
 .text.DelayUS  0x080110e0       0x30 ./Core/Src/liquid_crystal_i2c.o
 .text.ExpanderWrite
                0x08011110       0x2c ./Core/Src/liquid_crystal_i2c.o
 .text.Write4Bits
                0x0801113c       0x28 ./Core/Src/liquid_crystal_i2c.o
 .text.SendCommand
                0x08011164       0x1a ./Core/Src/liquid_crystal_i2c.o
 .text.SendChar
                0x0801117e       0x22 ./Core/Src/liquid_crystal_i2c.o
 .text.HD44780_Clear
                0x080111a0       0x14 ./Core/Src/liquid_crystal_i2c.o
                0x080111a0                HD44780_Clear
 .text.HD44780_Home
                0x080111b4       0x14 ./Core/Src/liquid_crystal_i2c.o
                0x080111b4                HD44780_Home
 .text.HD44780_SetCursor
                0x080111c8       0x44 ./Core/Src/liquid_crystal_i2c.o
                0x080111c8                HD44780_SetCursor
 .text.HD44780_Display
                0x0801120c       0x18 ./Core/Src/liquid_crystal_i2c.o
                0x0801120c                HD44780_Display
 .text.HD44780_CreateSpecialChar
                0x08011224       0x24 ./Core/Src/liquid_crystal_i2c.o
                0x08011224                HD44780_CreateSpecialChar
 .text.HD44780_Init
                0x08011248       0xfc ./Core/Src/liquid_crystal_i2c.o
                0x08011248                HD44780_Init
 .text.HD44780_PrintStr
                0x08011344       0x12 ./Core/Src/liquid_crystal_i2c.o
                0x08011344                HD44780_PrintStr
 .text.HAL_TIM_PeriodElapsedCallback
                0x08011356        0x2 ./Core/Src/main.o
                0x08011356                HAL_TIM_PeriodElapsedCallback
 .text.HAL_ADC_ConvCpltCallback
                0x08011358       0x88 ./Core/Src/main.o
                0x08011358                HAL_ADC_ConvCpltCallback
 .text.HAL_GPIO_EXTI_Callback
                0x080113e0       0x40 ./Core/Src/main.o
                0x080113e0                HAL_GPIO_EXTI_Callback
 .text.SystemClock_Config
                0x08011420       0xa4 ./Core/Src/main.o
                0x08011420                SystemClock_Config
 .text.startup.main
                0x080114c4      0x300 ./Core/Src/main.o
                0x080114c4                main
 .text.Error_Handler
                0x080117c4        0x4 ./Core/Src/main.o
                0x080117c4                Error_Handler
 .text.STFT_Init
                0x080117c8       0x3a ./Core/Src/stft_solver.o
                0x080117c8                STFT_Init
 .text.STFT_Process
                0x08011802       0xcc ./Core/Src/stft_solver.o
                0x08011802                STFT_Process
 *fill*         0x080118ce        0x2 
 .text.STFT_Normalize
                0x080118d0       0x5c ./Core/Src/stft_solver.o
                0x080118d0                STFT_Normalize
 .text.HAL_MspInit
                0x0801192c       0x3c ./Core/Src/stm32f4xx_hal_msp.o
                0x0801192c                HAL_MspInit
 .text.NMI_Handler
                0x08011968        0x2 ./Core/Src/stm32f4xx_it.o
                0x08011968                NMI_Handler
 .text.HardFault_Handler
                0x0801196a        0x2 ./Core/Src/stm32f4xx_it.o
                0x0801196a                HardFault_Handler
 .text.MemManage_Handler
                0x0801196c        0x2 ./Core/Src/stm32f4xx_it.o
                0x0801196c                MemManage_Handler
 .text.BusFault_Handler
                0x0801196e        0x2 ./Core/Src/stm32f4xx_it.o
                0x0801196e                BusFault_Handler
 .text.UsageFault_Handler
                0x08011970        0x2 ./Core/Src/stm32f4xx_it.o
                0x08011970                UsageFault_Handler
 .text.SVC_Handler
                0x08011972        0x2 ./Core/Src/stm32f4xx_it.o
                0x08011972                SVC_Handler
 .text.DebugMon_Handler
                0x08011974        0x2 ./Core/Src/stm32f4xx_it.o
                0x08011974                DebugMon_Handler
 .text.PendSV_Handler
                0x08011976        0x2 ./Core/Src/stm32f4xx_it.o
                0x08011976                PendSV_Handler
 .text.SysTick_Handler
                0x08011978        0x4 ./Core/Src/stm32f4xx_it.o
                0x08011978                SysTick_Handler
 .text.ADC_IRQHandler
                0x0801197c        0xc ./Core/Src/stm32f4xx_it.o
                0x0801197c                ADC_IRQHandler
 .text.TIM3_IRQHandler
                0x08011988        0xc ./Core/Src/stm32f4xx_it.o
                0x08011988                TIM3_IRQHandler
 .text.USART3_IRQHandler
                0x08011994        0xc ./Core/Src/stm32f4xx_it.o
                0x08011994                USART3_IRQHandler
 .text.EXTI15_10_IRQHandler
                0x080119a0        0x8 ./Core/Src/stm32f4xx_it.o
                0x080119a0                EXTI15_10_IRQHandler
 .text._sbrk    0x080119a8       0x40 ./Core/Src/sysmem.o
                0x080119a8                _sbrk
 .text.SystemInit
                0x080119e8       0x14 ./Core/Src/system_stm32f4xx.o
                0x080119e8                SystemInit
 .text.MX_TIM3_Init
                0x080119fc       0x9c ./Core/Src/tim.o
                0x080119fc                MX_TIM3_Init
 .text.HAL_TIM_Base_MspInit
                0x08011a98       0x44 ./Core/Src/tim.o
                0x08011a98                HAL_TIM_Base_MspInit
 .text.MX_USART3_UART_Init
                0x08011adc       0x38 ./Core/Src/usart.o
                0x08011adc                MX_USART3_UART_Init
 .text.HAL_UART_MspInit
                0x08011b14       0x7c ./Core/Src/usart.o
                0x08011b14                HAL_UART_MspInit
 .text.MX_USB_OTG_FS_PCD_Init
                0x08011b90       0x38 ./Core/Src/usb_otg.o
                0x08011b90                MX_USB_OTG_FS_PCD_Init
 .text.HAL_PCD_MspInit
                0x08011bc8       0x84 ./Core/Src/usb_otg.o
                0x08011bc8                HAL_PCD_MspInit
 .text.Reset_Handler
                0x08011c4c       0x50 ./Core/Startup/startup_stm32f429zitx.o
                0x08011c4c                Reset_Handler
 .text.Default_Handler
                0x08011c9c        0x2 ./Core/Startup/startup_stm32f429zitx.o
                0x08011c9c                RTC_Alarm_IRQHandler
                0x08011c9c                HASH_RNG_IRQHandler
                0x08011c9c                EXTI2_IRQHandler
                0x08011c9c                TIM8_CC_IRQHandler
                0x08011c9c                UART8_IRQHandler
                0x08011c9c                SPI4_IRQHandler
                0x08011c9c                TIM1_CC_IRQHandler
                0x08011c9c                DMA2_Stream5_IRQHandler
                0x08011c9c                DMA1_Stream5_IRQHandler
                0x08011c9c                PVD_IRQHandler
                0x08011c9c                SDIO_IRQHandler
                0x08011c9c                TAMP_STAMP_IRQHandler
                0x08011c9c                CAN2_RX1_IRQHandler
                0x08011c9c                EXTI3_IRQHandler
                0x08011c9c                TIM8_TRG_COM_TIM14_IRQHandler
                0x08011c9c                TIM1_UP_TIM10_IRQHandler
                0x08011c9c                TIM8_UP_TIM13_IRQHandler
                0x08011c9c                I2C3_ER_IRQHandler
                0x08011c9c                EXTI0_IRQHandler
                0x08011c9c                I2C2_EV_IRQHandler
                0x08011c9c                DMA1_Stream2_IRQHandler
                0x08011c9c                CAN1_RX0_IRQHandler
                0x08011c9c                FPU_IRQHandler
                0x08011c9c                OTG_HS_WKUP_IRQHandler
                0x08011c9c                LTDC_ER_IRQHandler
                0x08011c9c                CAN2_SCE_IRQHandler
                0x08011c9c                DMA2_Stream2_IRQHandler
                0x08011c9c                SPI1_IRQHandler
                0x08011c9c                TIM6_DAC_IRQHandler
                0x08011c9c                TIM1_BRK_TIM9_IRQHandler
                0x08011c9c                DCMI_IRQHandler
                0x08011c9c                CAN2_RX0_IRQHandler
                0x08011c9c                DMA2_Stream3_IRQHandler
                0x08011c9c                USART6_IRQHandler
                0x08011c9c                CAN1_RX1_IRQHandler
                0x08011c9c                UART5_IRQHandler
                0x08011c9c                DMA2_Stream0_IRQHandler
                0x08011c9c                TIM4_IRQHandler
                0x08011c9c                I2C1_EV_IRQHandler
                0x08011c9c                DMA1_Stream6_IRQHandler
                0x08011c9c                DMA1_Stream1_IRQHandler
                0x08011c9c                UART4_IRQHandler
                0x08011c9c                RCC_IRQHandler
                0x08011c9c                TIM8_BRK_TIM12_IRQHandler
                0x08011c9c                Default_Handler
                0x08011c9c                DMA1_Stream7_IRQHandler
                0x08011c9c                SPI5_IRQHandler
                0x08011c9c                TIM7_IRQHandler
                0x08011c9c                CAN2_TX_IRQHandler
                0x08011c9c                TIM5_IRQHandler
                0x08011c9c                DMA2_Stream7_IRQHandler
                0x08011c9c                I2C3_EV_IRQHandler
                0x08011c9c                EXTI9_5_IRQHandler
                0x08011c9c                RTC_WKUP_IRQHandler
                0x08011c9c                LTDC_IRQHandler
                0x08011c9c                ETH_WKUP_IRQHandler
                0x08011c9c                SPI2_IRQHandler
                0x08011c9c                OTG_HS_EP1_IN_IRQHandler
                0x08011c9c                DMA1_Stream0_IRQHandler
                0x08011c9c                CAN1_TX_IRQHandler
                0x08011c9c                EXTI4_IRQHandler
                0x08011c9c                ETH_IRQHandler
                0x08011c9c                OTG_HS_EP1_OUT_IRQHandler
                0x08011c9c                WWDG_IRQHandler
                0x08011c9c                SPI6_IRQHandler
                0x08011c9c                TIM2_IRQHandler
                0x08011c9c                OTG_FS_WKUP_IRQHandler
                0x08011c9c                TIM1_TRG_COM_TIM11_IRQHandler
                0x08011c9c                OTG_HS_IRQHandler
                0x08011c9c                DMA2D_IRQHandler
                0x08011c9c                EXTI1_IRQHandler
                0x08011c9c                UART7_IRQHandler
                0x08011c9c                USART2_IRQHandler
                0x08011c9c                I2C2_ER_IRQHandler
                0x08011c9c                DMA2_Stream1_IRQHandler
                0x08011c9c                CAN1_SCE_IRQHandler
                0x08011c9c                FLASH_IRQHandler
                0x08011c9c                DMA2_Stream4_IRQHandler
                0x08011c9c                USART1_IRQHandler
                0x08011c9c                OTG_FS_IRQHandler
                0x08011c9c                SPI3_IRQHandler
                0x08011c9c                DMA1_Stream4_IRQHandler
                0x08011c9c                I2C1_ER_IRQHandler
                0x08011c9c                FMC_IRQHandler
                0x08011c9c                DMA2_Stream6_IRQHandler
                0x08011c9c                SAI1_IRQHandler
                0x08011c9c                DMA1_Stream3_IRQHandler
 *fill*         0x08011c9e        0x2 
 .text.HAL_InitTick
                0x08011ca0       0x48 ./Drivers/STM32F4xx_HAL_Driver/Src/stm32f4xx_hal.o
                0x08011ca0                HAL_InitTick
 .text.HAL_Init
                0x08011ce8       0x34 ./Drivers/STM32F4xx_HAL_Driver/Src/stm32f4xx_hal.o
                0x08011ce8                HAL_Init
 .text.HAL_IncTick
                0x08011d1c       0x18 ./Drivers/STM32F4xx_HAL_Driver/Src/stm32f4xx_hal.o
                0x08011d1c                HAL_IncTick
 .text.HAL_GetTick
                0x08011d34        0xc ./Drivers/STM32F4xx_HAL_Driver/Src/stm32f4xx_hal.o
                0x08011d34                HAL_GetTick
 .text.HAL_Delay
                0x08011d40       0x28 ./Drivers/STM32F4xx_HAL_Driver/Src/stm32f4xx_hal.o
                0x08011d40                HAL_Delay
 .text.HAL_ADC_Init
                0x08011d68      0x14c ./Drivers/STM32F4xx_HAL_Driver/Src/stm32f4xx_hal_adc.o
                0x08011d68                HAL_ADC_Init
 .text.HAL_ADC_Start_IT
                0x08011eb4      0x108 ./Drivers/STM32F4xx_HAL_Driver/Src/stm32f4xx_hal_adc.o
                0x08011eb4                HAL_ADC_Start_IT
 .text.HAL_ADC_GetValue
                0x08011fbc        0x6 ./Drivers/STM32F4xx_HAL_Driver/Src/stm32f4xx_hal_adc.o
                0x08011fbc                HAL_ADC_GetValue
 .text.HAL_ADC_LevelOutOfWindowCallback
                0x08011fc2        0x2 ./Drivers/STM32F4xx_HAL_Driver/Src/stm32f4xx_hal_adc.o
                0x08011fc2                HAL_ADC_LevelOutOfWindowCallback
 .text.HAL_ADC_ErrorCallback
                0x08011fc4        0x2 ./Drivers/STM32F4xx_HAL_Driver/Src/stm32f4xx_hal_adc.o
                0x08011fc4                HAL_ADC_ErrorCallback
 .text.HAL_ADC_IRQHandler
                0x08011fc6      0x11c ./Drivers/STM32F4xx_HAL_Driver/Src/stm32f4xx_hal_adc.o
                0x08011fc6                HAL_ADC_IRQHandler
 *fill*         0x080120e2        0x2 
 .text.HAL_ADC_ConfigChannel
                0x080120e4      0x138 ./Drivers/STM32F4xx_HAL_Driver/Src/stm32f4xx_hal_adc.o
                0x080120e4                HAL_ADC_ConfigChannel
 .text.HAL_ADCEx_InjectedConvCpltCallback
                0x0801221c        0x2 ./Drivers/STM32F4xx_HAL_Driver/Src/stm32f4xx_hal_adc_ex.o
                0x0801221c                HAL_ADCEx_InjectedConvCpltCallback
 *fill*         0x0801221e        0x2 
 .text.HAL_NVIC_SetPriorityGrouping
                0x08012220       0x24 ./Drivers/STM32F4xx_HAL_Driver/Src/stm32f4xx_hal_cortex.o
                0x08012220                HAL_NVIC_SetPriorityGrouping
 .text.HAL_NVIC_SetPriority
                0x08012244       0x64 ./Drivers/STM32F4xx_HAL_Driver/Src/stm32f4xx_hal_cortex.o
                0x08012244                HAL_NVIC_SetPriority
 .text.HAL_NVIC_EnableIRQ
                0x080122a8       0x1c ./Drivers/STM32F4xx_HAL_Driver/Src/stm32f4xx_hal_cortex.o
                0x080122a8                HAL_NVIC_EnableIRQ
 .text.HAL_SYSTICK_Config
                0x080122c4       0x28 ./Drivers/STM32F4xx_HAL_Driver/Src/stm32f4xx_hal_cortex.o
                0x080122c4                HAL_SYSTICK_Config
 .text.HAL_DMA_Abort
                0x080122ec       0x7c ./Drivers/STM32F4xx_HAL_Driver/Src/stm32f4xx_hal_dma.o
                0x080122ec                HAL_DMA_Abort
 .text.HAL_DMA_Abort_IT
                0x08012368       0x24 ./Drivers/STM32F4xx_HAL_Driver/Src/stm32f4xx_hal_dma.o
                0x08012368                HAL_DMA_Abort_IT
 .text.HAL_GPIO_Init
                0x0801238c      0x1c8 ./Drivers/STM32F4xx_HAL_Driver/Src/stm32f4xx_hal_gpio.o
                0x0801238c                HAL_GPIO_Init
 .text.HAL_GPIO_WritePin
                0x08012554        0xa ./Drivers/STM32F4xx_HAL_Driver/Src/stm32f4xx_hal_gpio.o
                0x08012554                HAL_GPIO_WritePin
 .text.HAL_GPIO_TogglePin
                0x0801255e       0x12 ./Drivers/STM32F4xx_HAL_Driver/Src/stm32f4xx_hal_gpio.o
                0x0801255e                HAL_GPIO_TogglePin
 .text.HAL_GPIO_EXTI_IRQHandler
                0x08012570       0x18 ./Drivers/STM32F4xx_HAL_Driver/Src/stm32f4xx_hal_gpio.o
                0x08012570                HAL_GPIO_EXTI_IRQHandler
 .text.I2C_IsAcknowledgeFailed
                0x08012588       0x34 ./Drivers/STM32F4xx_HAL_Driver/Src/stm32f4xx_hal_i2c.o
 .text.I2C_WaitOnFlagUntilTimeout
                0x080125bc       0x80 ./Drivers/STM32F4xx_HAL_Driver/Src/stm32f4xx_hal_i2c.o
 .text.I2C_WaitOnMasterAddressFlagUntilTimeout
                0x0801263c       0x84 ./Drivers/STM32F4xx_HAL_Driver/Src/stm32f4xx_hal_i2c.o
 .text.I2C_WaitOnTXEFlagUntilTimeout
                0x080126c0       0x54 ./Drivers/STM32F4xx_HAL_Driver/Src/stm32f4xx_hal_i2c.o
 .text.I2C_WaitOnBTFFlagUntilTimeout
                0x08012714       0x54 ./Drivers/STM32F4xx_HAL_Driver/Src/stm32f4xx_hal_i2c.o
 .text.HAL_I2C_Init
                0x08012768      0x150 ./Drivers/STM32F4xx_HAL_Driver/Src/stm32f4xx_hal_i2c.o
                0x08012768                HAL_I2C_Init
 .text.HAL_I2C_Master_Transmit
                0x080128b8      0x1b4 ./Drivers/STM32F4xx_HAL_Driver/Src/stm32f4xx_hal_i2c.o
                0x080128b8                HAL_I2C_Master_Transmit
 .text.HAL_I2CEx_ConfigAnalogFilter
                0x08012a6c       0x3e ./Drivers/STM32F4xx_HAL_Driver/Src/stm32f4xx_hal_i2c_ex.o
                0x08012a6c                HAL_I2CEx_ConfigAnalogFilter
 .text.HAL_I2CEx_ConfigDigitalFilter
                0x08012aaa       0x3e ./Drivers/STM32F4xx_HAL_Driver/Src/stm32f4xx_hal_i2c_ex.o
                0x08012aaa                HAL_I2CEx_ConfigDigitalFilter
 .text.HAL_PCD_Init
                0x08012ae8       0xde ./Drivers/STM32F4xx_HAL_Driver/Src/stm32f4xx_hal_pcd.o
                0x08012ae8                HAL_PCD_Init
 *fill*         0x08012bc6        0x2 
 .text.HAL_RCC_OscConfig
                0x08012bc8      0x35c ./Drivers/STM32F4xx_HAL_Driver/Src/stm32f4xx_hal_rcc.o
                0x08012bc8                HAL_RCC_OscConfig
 .text.HAL_RCC_GetSysClockFreq
                0x08012f24       0x5c ./Drivers/STM32F4xx_HAL_Driver/Src/stm32f4xx_hal_rcc.o
                0x08012f24                HAL_RCC_GetSysClockFreq
 .text.HAL_RCC_ClockConfig
                0x08012f80      0x134 ./Drivers/STM32F4xx_HAL_Driver/Src/stm32f4xx_hal_rcc.o
                0x08012f80                HAL_RCC_ClockConfig
 .text.HAL_RCC_GetPCLK1Freq
                0x080130b4       0x20 ./Drivers/STM32F4xx_HAL_Driver/Src/stm32f4xx_hal_rcc.o
                0x080130b4                HAL_RCC_GetPCLK1Freq
 .text.HAL_RCC_GetPCLK2Freq
                0x080130d4       0x20 ./Drivers/STM32F4xx_HAL_Driver/Src/stm32f4xx_hal_rcc.o
                0x080130d4                HAL_RCC_GetPCLK2Freq
 .text.TIM_OC1_SetConfig
                0x080130f4       0x64 ./Drivers/STM32F4xx_HAL_Driver/Src/stm32f4xx_hal_tim.o
 .text.TIM_OC3_SetConfig
                0x08013158       0x6c ./Drivers/STM32F4xx_HAL_Driver/Src/stm32f4xx_hal_tim.o
 .text.TIM_OC4_SetConfig
                0x080131c4       0x4c ./Drivers/STM32F4xx_HAL_Driver/Src/stm32f4xx_hal_tim.o
 .text.HAL_TIM_Base_Start_IT
                0x08013210       0x74 ./Drivers/STM32F4xx_HAL_Driver/Src/stm32f4xx_hal_tim.o
                0x08013210                HAL_TIM_Base_Start_IT
 .text.HAL_TIM_PWM_MspInit
                0x08013284        0x2 ./Drivers/STM32F4xx_HAL_Driver/Src/stm32f4xx_hal_tim.o
                0x08013284                HAL_TIM_PWM_MspInit
 .text.HAL_TIM_OC_DelayElapsedCallback
                0x08013286        0x2 ./Drivers/STM32F4xx_HAL_Driver/Src/stm32f4xx_hal_tim.o
                0x08013286                HAL_TIM_OC_DelayElapsedCallback
 .text.HAL_TIM_IC_CaptureCallback
                0x08013288        0x2 ./Drivers/STM32F4xx_HAL_Driver/Src/stm32f4xx_hal_tim.o
                0x08013288                HAL_TIM_IC_CaptureCallback
 .text.HAL_TIM_PWM_PulseFinishedCallback
                0x0801328a        0x2 ./Drivers/STM32F4xx_HAL_Driver/Src/stm32f4xx_hal_tim.o
                0x0801328a                HAL_TIM_PWM_PulseFinishedCallback
 .text.HAL_TIM_TriggerCallback
                0x0801328c        0x2 ./Drivers/STM32F4xx_HAL_Driver/Src/stm32f4xx_hal_tim.o
                0x0801328c                HAL_TIM_TriggerCallback
 .text.HAL_TIM_IRQHandler
                0x0801328e      0x128 ./Drivers/STM32F4xx_HAL_Driver/Src/stm32f4xx_hal_tim.o
                0x0801328e                HAL_TIM_IRQHandler
 *fill*         0x080133b6        0x2 
 .text.TIM_Base_SetConfig
                0x080133b8       0xd8 ./Drivers/STM32F4xx_HAL_Driver/Src/stm32f4xx_hal_tim.o
                0x080133b8                TIM_Base_SetConfig
 .text.HAL_TIM_Base_Init
                0x08013490       0x58 ./Drivers/STM32F4xx_HAL_Driver/Src/stm32f4xx_hal_tim.o
                0x08013490                HAL_TIM_Base_Init
 .text.HAL_TIM_PWM_Init
                0x080134e8       0x58 ./Drivers/STM32F4xx_HAL_Driver/Src/stm32f4xx_hal_tim.o
                0x080134e8                HAL_TIM_PWM_Init
 .text.TIM_OC2_SetConfig
                0x08013540       0x6c ./Drivers/STM32F4xx_HAL_Driver/Src/stm32f4xx_hal_tim.o
                0x08013540                TIM_OC2_SetConfig
 .text.HAL_TIM_PWM_ConfigChannel
                0x080135ac       0xb0 ./Drivers/STM32F4xx_HAL_Driver/Src/stm32f4xx_hal_tim.o
                0x080135ac                HAL_TIM_PWM_ConfigChannel
 .text.TIM_ETR_SetConfig
                0x0801365c       0x14 ./Drivers/STM32F4xx_HAL_Driver/Src/stm32f4xx_hal_tim.o
                0x0801365c                TIM_ETR_SetConfig
 .text.HAL_TIM_ConfigClockSource
                0x08013670      0x132 ./Drivers/STM32F4xx_HAL_Driver/Src/stm32f4xx_hal_tim.o
                0x08013670                HAL_TIM_ConfigClockSource
 .text.TIM_CCxChannelCmd
                0x080137a2       0x1c ./Drivers/STM32F4xx_HAL_Driver/Src/stm32f4xx_hal_tim.o
                0x080137a2                TIM_CCxChannelCmd
 *fill*         0x080137be        0x2 
 .text.HAL_TIM_OC_Start
                0x080137c0       0xc8 ./Drivers/STM32F4xx_HAL_Driver/Src/stm32f4xx_hal_tim.o
                0x080137c0                HAL_TIM_OC_Start
 .text.HAL_TIM_PWM_Start
                0x08013888        0x4 ./Drivers/STM32F4xx_HAL_Driver/Src/stm32f4xx_hal_tim.o
                0x08013888                HAL_TIM_PWM_Start
 .text.HAL_TIM_OC_Stop
                0x0801388c       0x7c ./Drivers/STM32F4xx_HAL_Driver/Src/stm32f4xx_hal_tim.o
                0x0801388c                HAL_TIM_OC_Stop
 .text.HAL_TIM_PWM_Stop
                0x08013908        0x4 ./Drivers/STM32F4xx_HAL_Driver/Src/stm32f4xx_hal_tim.o
                0x08013908                HAL_TIM_PWM_Stop
 .text.HAL_TIMEx_MasterConfigSynchronization
                0x0801390c       0x7c ./Drivers/STM32F4xx_HAL_Driver/Src/stm32f4xx_hal_tim_ex.o
                0x0801390c                HAL_TIMEx_MasterConfigSynchronization
 .text.HAL_TIMEx_CommutCallback
                0x08013988        0x2 ./Drivers/STM32F4xx_HAL_Driver/Src/stm32f4xx_hal_tim_ex.o
                0x08013988                HAL_TIMEx_CommutCallback
 .text.HAL_TIMEx_BreakCallback
                0x0801398a        0x2 ./Drivers/STM32F4xx_HAL_Driver/Src/stm32f4xx_hal_tim_ex.o
                0x0801398a                HAL_TIMEx_BreakCallback
 .text.UART_EndRxTransfer
                0x0801398c       0x5c ./Drivers/STM32F4xx_HAL_Driver/Src/stm32f4xx_hal_uart.o
 .text.UART_SetConfig
                0x080139e8       0xbc ./Drivers/STM32F4xx_HAL_Driver/Src/stm32f4xx_hal_uart.o
 .text.HAL_UART_Init
                0x08013aa4       0x5e ./Drivers/STM32F4xx_HAL_Driver/Src/stm32f4xx_hal_uart.o
                0x08013aa4                HAL_UART_Init
 .text.HAL_UART_Transmit_IT
                0x08013b02       0x32 ./Drivers/STM32F4xx_HAL_Driver/Src/stm32f4xx_hal_uart.o
                0x08013b02                HAL_UART_Transmit_IT
 .text.HAL_UART_TxCpltCallback
                0x08013b34        0x2 ./Drivers/STM32F4xx_HAL_Driver/Src/stm32f4xx_hal_uart.o
                0x08013b34                HAL_UART_TxCpltCallback
 .text.HAL_UART_RxCpltCallback
                0x08013b36        0x2 ./Drivers/STM32F4xx_HAL_Driver/Src/stm32f4xx_hal_uart.o
                0x08013b36                HAL_UART_RxCpltCallback
 .text.HAL_UART_ErrorCallback
                0x08013b38        0x2 ./Drivers/STM32F4xx_HAL_Driver/Src/stm32f4xx_hal_uart.o
                0x08013b38                HAL_UART_ErrorCallback
 .text.UART_DMAAbortOnError
                0x08013b3a       0x10 ./Drivers/STM32F4xx_HAL_Driver/Src/stm32f4xx_hal_uart.o
 .text.HAL_UARTEx_RxEventCallback
                0x08013b4a        0x2 ./Drivers/STM32F4xx_HAL_Driver/Src/stm32f4xx_hal_uart.o
                0x08013b4a                HAL_UARTEx_RxEventCallback
 .text.UART_Receive_IT.isra.0
                0x08013b4c       0xb6 ./Drivers/STM32F4xx_HAL_Driver/Src/stm32f4xx_hal_uart.o
 *fill*         0x08013c02        0x2 
 .text.HAL_UART_IRQHandler
                0x08013c04      0x294 ./Drivers/STM32F4xx_HAL_Driver/Src/stm32f4xx_hal_uart.o
                0x08013c04                HAL_UART_IRQHandler
 .text.USB_CoreReset
                0x08013e98       0x46 ./Drivers/STM32F4xx_HAL_Driver/Src/stm32f4xx_ll_usb.o
 .text.USB_CoreInit
                0x08013ede       0x88 ./Drivers/STM32F4xx_HAL_Driver/Src/stm32f4xx_ll_usb.o
                0x08013ede                USB_CoreInit
 .text.USB_DisableGlobalInt
                0x08013f66        0xc ./Drivers/STM32F4xx_HAL_Driver/Src/stm32f4xx_ll_usb.o
                0x08013f66                USB_DisableGlobalInt
 .text.USB_SetCurrentMode
                0x08013f72       0x60 ./Drivers/STM32F4xx_HAL_Driver/Src/stm32f4xx_ll_usb.o
                0x08013f72                USB_SetCurrentMode
 .text.USB_FlushTxFifo
                0x08013fd2       0x46 ./Drivers/STM32F4xx_HAL_Driver/Src/stm32f4xx_ll_usb.o
                0x08013fd2                USB_FlushTxFifo
 .text.USB_FlushRxFifo
                0x08014018       0x42 ./Drivers/STM32F4xx_HAL_Driver/Src/stm32f4xx_ll_usb.o
                0x08014018                USB_FlushRxFifo
 .text.USB_SetDevSpeed
                0x0801405a        0xe ./Drivers/STM32F4xx_HAL_Driver/Src/stm32f4xx_ll_usb.o
                0x0801405a                USB_SetDevSpeed
 .text.USB_DevInit
                0x08014068      0x174 ./Drivers/STM32F4xx_HAL_Driver/Src/stm32f4xx_ll_usb.o
                0x08014068                USB_DevInit
 .text.USB_DevDisconnect
                0x080141dc       0x1c ./Drivers/STM32F4xx_HAL_Driver/Src/stm32f4xx_ll_usb.o
                0x080141dc                USB_DevDisconnect
 .text.MX_X_CUBE_AI_Init
                0x080141f8       0x6c ./X-CUBE-AI/App/app_x-cube-ai.o
                0x080141f8                MX_X_CUBE_AI_Init
 .text.MX_X_CUBE_AI_Process
                0x08014264       0x44 ./X-CUBE-AI/App/app_x-cube-ai.o
                0x08014264                MX_X_CUBE_AI_Process
 .text.ai_tra_network_create
                0x080142a8       0x1c ./X-CUBE-AI/App/tra_network.o
                0x080142a8                ai_tra_network_create
 .text.ai_tra_network_inputs_get
                0x080142c4       0x14 ./X-CUBE-AI/App/tra_network.o
                0x080142c4                ai_tra_network_inputs_get
 .text.ai_tra_network_outputs_get
                0x080142d8       0x14 ./X-CUBE-AI/App/tra_network.o
                0x080142d8                ai_tra_network_outputs_get
 .text.ai_tra_network_init
                0x080142ec      0x328 ./X-CUBE-AI/App/tra_network.o
                0x080142ec                ai_tra_network_init
 .text.ai_tra_network_create_and_init
                0x08014614       0x92 ./X-CUBE-AI/App/tra_network.o
                0x08014614                ai_tra_network_create_and_init
 *fill*         0x080146a6        0x2 
 .text.ai_tra_network_run
                0x080146a8       0xe0 ./X-CUBE-AI/App/tra_network.o
                0x080146a8                ai_tra_network_run
 .text.ai_tra_network_data_params_get
                0x08014788       0x30 ./X-CUBE-AI/App/tra_network_data.o
                0x08014788                ai_tra_network_data_params_get
 .text.arm_rfft_32_fast_init_f32
                0x080147b8       0x24 ../Middlewares/ST/ARM/DSP/Lib/libarm_cortexM4lf_math.a(arm_rfft_fast_init_f32.o)
 .text.arm_rfft_64_fast_init_f32
                0x080147dc       0x24 ../Middlewares/ST/ARM/DSP/Lib/libarm_cortexM4lf_math.a(arm_rfft_fast_init_f32.o)
 .text.arm_rfft_128_fast_init_f32
                0x08014800       0x24 ../Middlewares/ST/ARM/DSP/Lib/libarm_cortexM4lf_math.a(arm_rfft_fast_init_f32.o)
 .text.arm_rfft_256_fast_init_f32
                0x08014824       0x24 ../Middlewares/ST/ARM/DSP/Lib/libarm_cortexM4lf_math.a(arm_rfft_fast_init_f32.o)
 .text.arm_rfft_512_fast_init_f32
                0x08014848       0x28 ../Middlewares/ST/ARM/DSP/Lib/libarm_cortexM4lf_math.a(arm_rfft_fast_init_f32.o)
 .text.arm_rfft_1024_fast_init_f32
                0x08014870       0x28 ../Middlewares/ST/ARM/DSP/Lib/libarm_cortexM4lf_math.a(arm_rfft_fast_init_f32.o)
 .text.arm_rfft_2048_fast_init_f32
                0x08014898       0x28 ../Middlewares/ST/ARM/DSP/Lib/libarm_cortexM4lf_math.a(arm_rfft_fast_init_f32.o)
 .text.arm_rfft_4096_fast_init_f32
                0x080148c0       0x28 ../Middlewares/ST/ARM/DSP/Lib/libarm_cortexM4lf_math.a(arm_rfft_fast_init_f32.o)
 .text.arm_rfft_fast_init_f32
                0x080148e8       0x74 ../Middlewares/ST/ARM/DSP/Lib/libarm_cortexM4lf_math.a(arm_rfft_fast_init_f32.o)
                0x080148e8                arm_rfft_fast_init_f32
 .text.stage_rfft_f32
                0x0801495c       0xb4 ../Middlewares/ST/ARM/DSP/Lib/libarm_cortexM4lf_math.a(arm_rfft_fast_f32.o)
                0x0801495c                stage_rfft_f32
 .text.merge_rfft_f32
                0x08014a10       0xac ../Middlewares/ST/ARM/DSP/Lib/libarm_cortexM4lf_math.a(arm_rfft_fast_f32.o)
                0x08014a10                merge_rfft_f32
 .text.arm_rfft_fast_f32
                0x08014abc       0x38 ../Middlewares/ST/ARM/DSP/Lib/libarm_cortexM4lf_math.a(arm_rfft_fast_f32.o)
                0x08014abc                arm_rfft_fast_f32
 .text.arm_cfft_radix8by2_f32
                0x08014af4      0x1a4 ../Middlewares/ST/ARM/DSP/Lib/libarm_cortexM4lf_math.a(arm_cfft_f32.o)
                0x08014af4                arm_cfft_radix8by2_f32
 .text.arm_cfft_radix8by4_f32
                0x08014c98      0x4ac ../Middlewares/ST/ARM/DSP/Lib/libarm_cortexM4lf_math.a(arm_cfft_f32.o)
                0x08014c98                arm_cfft_radix8by4_f32
 .text.arm_cfft_f32
                0x08015144       0xf0 ../Middlewares/ST/ARM/DSP/Lib/libarm_cortexM4lf_math.a(arm_cfft_f32.o)
                0x08015144                arm_cfft_f32
 .text.arm_bitreversal_32
                0x08015234       0x40 ../Middlewares/ST/ARM/DSP/Lib/libarm_cortexM4lf_math.a(arm_bitreversal2.o)
                0x08015234                arm_bitreversal_32
 .text.arm_cfft_init_f32
                0x08015274       0xa4 ../Middlewares/ST/ARM/DSP/Lib/libarm_cortexM4lf_math.a(arm_cfft_init_f32.o)
                0x08015274                arm_cfft_init_f32
 .text.arm_radix8_butterfly_f32
                0x08015318      0x598 ../Middlewares/ST/ARM/DSP/Lib/libarm_cortexM4lf_math.a(arm_cfft_radix8_f32.o)
                0x08015318                arm_radix8_butterfly_f32
 .text.ai_buffer_get_size
                0x080158b0       0x68 ../Middlewares/ST/AI/Lib/NetworkRuntime910_CM4_GCC.a(ai_platform.o)
                0x080158b0                ai_buffer_get_size
 .text.ai_buffer_array_sane
                0x08015918       0x14 ../Middlewares/ST/AI/Lib/NetworkRuntime910_CM4_GCC.a(ai_platform.o)
                0x08015918                ai_buffer_array_sane
 .text.ai_buffer_array_item_set_address
                0x0801592c       0x20 ../Middlewares/ST/AI/Lib/NetworkRuntime910_CM4_GCC.a(ai_platform.o)
                0x0801592c                ai_buffer_array_item_set_address
 .text.ai_platform_get_weights_map
                0x0801594c       0xa8 ../Middlewares/ST/AI/Lib/NetworkRuntime910_CM4_GCC.a(ai_platform_interface.o)
                0x0801594c                ai_platform_get_weights_map
 .text.ai_platform_get_activations_map
                0x080159f4       0xa8 ../Middlewares/ST/AI/Lib/NetworkRuntime910_CM4_GCC.a(ai_platform_interface.o)
                0x080159f4                ai_platform_get_activations_map
 .text.ai_platform_bind_network_params
                0x08015a9c       0x44 ../Middlewares/ST/AI/Lib/NetworkRuntime910_CM4_GCC.a(ai_platform_interface.o)
                0x08015a9c                ai_platform_bind_network_params
 .text.ai_platform_network_get_error
                0x08015ae0       0x18 ../Middlewares/ST/AI/Lib/NetworkRuntime910_CM4_GCC.a(ai_platform_interface.o)
                0x08015ae0                ai_platform_network_get_error
 .text.ai_platform_network_set_error
                0x08015af8        0xc ../Middlewares/ST/AI/Lib/NetworkRuntime910_CM4_GCC.a(ai_platform_interface.o)
                0x08015af8                ai_platform_network_set_error
 .text.ai_platform_inputs_get
                0x08015b04       0xec ../Middlewares/ST/AI/Lib/NetworkRuntime910_CM4_GCC.a(ai_platform_interface.o)
                0x08015b04                ai_platform_inputs_get
 .text.ai_platform_outputs_get
                0x08015bf0       0xe8 ../Middlewares/ST/AI/Lib/NetworkRuntime910_CM4_GCC.a(ai_platform_interface.o)
                0x08015bf0                ai_platform_outputs_get
 .text.ai_platform_network_create
                0x08015cd8       0x84 ../Middlewares/ST/AI/Lib/NetworkRuntime910_CM4_GCC.a(ai_platform_interface.o)
                0x08015cd8                ai_platform_network_create
 .text.ai_platform_network_init
                0x08015d5c      0x19c ../Middlewares/ST/AI/Lib/NetworkRuntime910_CM4_GCC.a(ai_platform_interface.o)
                0x08015d5c                ai_platform_network_init
 .text.ai_platform_network_post_init
                0x08015ef8       0x60 ../Middlewares/ST/AI/Lib/NetworkRuntime910_CM4_GCC.a(ai_platform_interface.o)
                0x08015ef8                ai_platform_network_post_init
 .text.ai_platform_network_process
                0x08015f58      0x480 ../Middlewares/ST/AI/Lib/NetworkRuntime910_CM4_GCC.a(ai_platform_interface.o)
                0x08015f58                ai_platform_network_process
 .text.core_init
                0x080163d8        0x4 ../Middlewares/ST/AI/Lib/NetworkRuntime910_CM4_GCC.a(core_common.o)
                0x080163d8                core_init
 .text.core_get_error
                0x080163dc        0xc ../Middlewares/ST/AI/Lib/NetworkRuntime910_CM4_GCC.a(core_common.o)
                0x080163dc                core_get_error
 .text.core_set_error
                0x080163e8       0x18 ../Middlewares/ST/AI/Lib/NetworkRuntime910_CM4_GCC.a(core_common.o)
                0x080163e8                core_set_error
 .text.node_convert
                0x08016400      0x1ec ../Middlewares/ST/AI/Lib/NetworkRuntime910_CM4_GCC.a(core_convert.o)
                0x08016400                node_convert
 .text.ai_check_custom_types
                0x080165ec       0x54 ../Middlewares/ST/AI/Lib/NetworkRuntime910_CM4_GCC.a(layers.o)
                0x080165ec                ai_check_custom_types
 .text.ai_layers_init_all
                0x08016640       0x1c ../Middlewares/ST/AI/Lib/NetworkRuntime910_CM4_GCC.a(layers.o)
                0x08016640                ai_layers_init_all
 .text.ai_layers_post_init_all
                0x0801665c       0x28 ../Middlewares/ST/AI/Lib/NetworkRuntime910_CM4_GCC.a(layers.o)
                0x0801665c                ai_layers_post_init_all
 .text.ai_layers_forward_all
                0x08016684       0x94 ../Middlewares/ST/AI/Lib/NetworkRuntime910_CM4_GCC.a(layers.o)
                0x08016684                ai_layers_forward_all
 .text.func_dummy
                0x08016718        0x4 ../Middlewares/ST/AI/Lib/NetworkRuntime910_CM4_GCC.a(layers_conv2d_sssa8_ch.o)
 .text.forward_conv2d_deep_3x3_sssa8_ch_nl_pool
                0x0801671c      0x4ac ../Middlewares/ST/AI/Lib/NetworkRuntime910_CM4_GCC.a(layers_conv2d_sssa8_ch.o)
                0x0801671c                forward_conv2d_deep_3x3_sssa8_ch_nl_pool
 .text.forward_conv2d_sssa8_ch_nl_pool
                0x08016bc8      0x530 ../Middlewares/ST/AI/Lib/NetworkRuntime910_CM4_GCC.a(layers_conv2d_sssa8_ch.o)
                0x08016bc8                forward_conv2d_sssa8_ch_nl_pool
 .text.forward_dense_integer_SSSA_ch
                0x080170f8      0x2b4 ../Middlewares/ST/AI/Lib/NetworkRuntime910_CM4_GCC.a(layers_conv2d_stm32_integer.o)
                0x080170f8                forward_dense_integer_SSSA_ch
 .text.nl_func_array_integer
                0x080173ac       0x54 ../Middlewares/ST/AI/Lib/NetworkRuntime910_CM4_GCC.a(layers_nl_stm32_integer.o)
                0x080173ac                nl_func_array_integer
 .text.forward_nl_integer
                0x08017400       0xb0 ../Middlewares/ST/AI/Lib/NetworkRuntime910_CM4_GCC.a(layers_nl_stm32_integer.o)
                0x08017400                forward_nl_integer
 .text.forward_sm_integer
                0x080174b0       0xb8 ../Middlewares/ST/AI/Lib/NetworkRuntime910_CM4_GCC.a(layers_nl_stm32_integer.o)
                0x080174b0                forward_sm_integer
 .text.pool_func_mp_array_integer_INT8
                0x08017568      0x1d4 ../Middlewares/ST/AI/Lib/NetworkRuntime910_CM4_GCC.a(layers_pool_stm32_integer.o)
                0x08017568                pool_func_mp_array_integer_INT8
 .text.forward_mp_integer_INT8
                0x0801773c      0x220 ../Middlewares/ST/AI/Lib/NetworkRuntime910_CM4_GCC.a(layers_pool_stm32_integer.o)
                0x0801773c                forward_mp_integer_INT8
 .text.forward_pw_sssa8_ch
                0x0801795c      0x194 ../Middlewares/ST/AI/Lib/NetworkRuntime910_CM4_GCC.a(layers_pw_sssa8_ch.o)
                0x0801795c                forward_pw_sssa8_ch
 .text.forward_upsample_bilinear_is8os8
                0x08017af0       0x60 ../Middlewares/ST/AI/Lib/NetworkRuntime910_CM4_GCC.a(layers_upsample.o)
                0x08017af0                forward_upsample_bilinear_is8os8
 .text.forward_lite_node_convert_integer_is8of32
                0x08017b50        0x4 ../Middlewares/ST/AI/Lib/NetworkRuntime910_CM4_GCC.a(forward_lite_convert.o)
                0x08017b50                forward_lite_node_convert_integer_is8of32
 .text.forward_lite_node_convert_integer_iu8of32
                0x08017b54        0x4 ../Middlewares/ST/AI/Lib/NetworkRuntime910_CM4_GCC.a(forward_lite_convert.o)
                0x08017b54                forward_lite_node_convert_integer_iu8of32
 .text.forward_lite_node_convert_integer_if32os8
                0x08017b58        0x4 ../Middlewares/ST/AI/Lib/NetworkRuntime910_CM4_GCC.a(forward_lite_convert.o)
                0x08017b58                forward_lite_node_convert_integer_if32os8
 .text.forward_lite_node_convert_integer_if32ou8
                0x08017b5c        0x4 ../Middlewares/ST/AI/Lib/NetworkRuntime910_CM4_GCC.a(forward_lite_convert.o)
                0x08017b5c                forward_lite_node_convert_integer_if32ou8
 .text.forward_lite_maxpool_is8os8_scalepos
                0x08017b60      0x1c4 ../Middlewares/ST/AI/Lib/NetworkRuntime910_CM4_GCC.a(forward_lite_maxpool_is8os8_scalepos.o)
                0x08017b60                forward_lite_maxpool_is8os8_scalepos
 .text.lite_convert_is8of32
                0x08017d24       0x24 ../Middlewares/ST/AI/Lib/NetworkRuntime910_CM4_GCC.a(lite_convert_kernel.o)
                0x08017d24                lite_convert_is8of32
 .text.lite_convert_iu8of32
                0x08017d48       0x24 ../Middlewares/ST/AI/Lib/NetworkRuntime910_CM4_GCC.a(lite_convert_kernel.o)
                0x08017d48                lite_convert_iu8of32
 .text.lite_convert_if32os8
                0x08017d6c       0x6c ../Middlewares/ST/AI/Lib/NetworkRuntime910_CM4_GCC.a(lite_convert_kernel.o)
                0x08017d6c                lite_convert_if32os8
 .text.lite_convert_if32ou8
                0x08017dd8       0x40 ../Middlewares/ST/AI/Lib/NetworkRuntime910_CM4_GCC.a(lite_convert_kernel.o)
                0x08017dd8                lite_convert_if32ou8
 .text.forward_lite_pw_sssa8_ch
                0x08017e18      0x358 ../Middlewares/ST/AI/Lib/NetworkRuntime910_CM4_GCC.a(forward_lite_pw_sssa8_ch.o)
                0x08017e18                forward_lite_pw_sssa8_ch
 .text.forward_lite_conv2d_deep_3x3_sssa8_ch
                0x08018170      0x150 ../Middlewares/ST/AI/Lib/NetworkRuntime910_CM4_GCC.a(forward_lite_conv2d_sssa8_ch.o)
                0x08018170                forward_lite_conv2d_deep_3x3_sssa8_ch
 .text.forward_lite_conv2d_sssa8_ch
                0x080182c0      0xac4 ../Middlewares/ST/AI/Lib/NetworkRuntime910_CM4_GCC.a(forward_lite_conv2d_sssa8_ch.o)
                0x080182c0                forward_lite_conv2d_sssa8_ch
 .text.forward_lite_maxpool_is8os8_scaleneg
                0x08018d84      0x1c0 ../Middlewares/ST/AI/Lib/NetworkRuntime910_CM4_GCC.a(forward_lite_maxpool_is8os8.o)
                0x08018d84                forward_lite_maxpool_is8os8_scaleneg
 .text.forward_lite_upsample_bilinear_is8os8
                0x08018f44      0x1ac ../Middlewares/ST/AI/Lib/NetworkRuntime910_CM4_GCC.a(forward_lite_upsample.o)
                0x08018f44                forward_lite_upsample_bilinear_is8os8
 .text.forward_lite_nl_softmax_is8os8
                0x080190f0        0x4 ../Middlewares/ST/AI/Lib/NetworkRuntime910_CM4_GCC.a(lite_nl_generic_integer.o)
                0x080190f0                forward_lite_nl_softmax_is8os8
 .text.forward_lite_nl_softmax_iu8ou8
                0x080190f4        0x4 ../Middlewares/ST/AI/Lib/NetworkRuntime910_CM4_GCC.a(lite_nl_generic_integer.o)
                0x080190f4                forward_lite_nl_softmax_iu8ou8
 .text.align_factor_ch
                0x080190f8       0x60 ../Middlewares/ST/AI/Lib/NetworkRuntime910_CM4_GCC.a(st_align_factor.o)
                0x080190f8                align_factor_ch
 .text.st_int8_to16_no_shift
                0x08019158       0xc0 ../Middlewares/ST/AI/Lib/NetworkRuntime910_CM4_GCC.a(st_int8_to16_no_shift.o)
                0x08019158                st_int8_to16_no_shift
 .text.st_int8_to16_no_shift_interleaved
                0x08019218       0x84 ../Middlewares/ST/AI/Lib/NetworkRuntime910_CM4_GCC.a(st_int8_to16_no_shift.o)
                0x08019218                st_int8_to16_no_shift_interleaved
 .text.st_int8_to16_dual
                0x0801929c      0x1d4 ../Middlewares/ST/AI/Lib/NetworkRuntime910_CM4_GCC.a(st_int8_to16_no_shift.o)
                0x0801929c                st_int8_to16_dual
 .text.st_int8_to16_dual_interleaved
                0x08019470      0x170 ../Middlewares/ST/AI/Lib/NetworkRuntime910_CM4_GCC.a(st_int8_to16_no_shift.o)
                0x08019470                st_int8_to16_dual_interleaved
 .text.ai_padding_opt_init
                0x080195e0       0xb0 ../Middlewares/ST/AI/Lib/NetworkRuntime910_CM4_GCC.a(st_padding_opt.o)
                0x080195e0                ai_padding_opt_init
 .text.ai_padding_opt_phase1
                0x08019690       0x34 ../Middlewares/ST/AI/Lib/NetworkRuntime910_CM4_GCC.a(st_padding_opt.o)
                0x08019690                ai_padding_opt_phase1
 .text.st_int16_fill
                0x080196c4       0x5c ../Middlewares/ST/AI/Lib/NetworkRuntime910_CM4_GCC.a(st_int16_fill.o)
                0x080196c4                st_int16_fill
 .text.st_f32_to_int16
                0x08019720      0x18c ../Middlewares/ST/AI/Lib/NetworkRuntime910_CM4_GCC.a(st_f32_to_int16.o)
                0x08019720                st_f32_to_int16
 .text.st_f32_to_int8
                0x080198ac      0x1bc ../Middlewares/ST/AI/Lib/NetworkRuntime910_CM4_GCC.a(st_f32_to_int8.o)
                0x080198ac                st_f32_to_int8
 .text.st_int16_to_f32
                0x08019a68       0xcc ../Middlewares/ST/AI/Lib/NetworkRuntime910_CM4_GCC.a(st_int16_to_f32.o)
                0x08019a68                st_int16_to_f32
 .text.st_sssa8_ch_convolve_rank1upd
                0x08019b34      0x11c ../Middlewares/ST/AI/Lib/NetworkRuntime910_CM4_GCC.a(st_sssa8_ch_convolve.o)
                0x08019b34                st_sssa8_ch_convolve_rank1upd
 .text.st_sssa8_ch_fully_connected
                0x08019c50      0x530 ../Middlewares/ST/AI/Lib/NetworkRuntime910_CM4_GCC.a(st_sssa8_ch_dense.o)
                0x08019c50                st_sssa8_ch_fully_connected
 .text.st_int8_copy
                0x0801a180      0x10c ../Middlewares/ST/AI/Lib/NetworkRuntime910_CM4_GCC.a(st_int8_fill.o)
                0x0801a180                st_int8_copy
 .text.st_int8_reordered_no_shift_zero
                0x0801a28c       0x68 ../Middlewares/ST/AI/Lib/NetworkRuntime910_CM4_GCC.a(st_int8_reordered_no_shift.o)
                0x0801a28c                st_int8_reordered_no_shift_zero
 .text.st_sssa8_ch_nn_mat_mult_kernel_single_opt
                0x0801a2f4      0x390 ../Middlewares/ST/AI/Lib/NetworkRuntime910_CM4_GCC.a(st_sssa8_ch_nn_mat_mult_kernel_single_opt.o)
                0x0801a2f4                st_sssa8_ch_nn_mat_mult_kernel_single_opt
 .text.weights_2channels_prefetch
                0x0801a684      0x1d4 ../Middlewares/ST/AI/Lib/NetworkRuntime910_CM4_GCC.a(st_sssa8_ch_nn_mat_mult_nt_t.o)
                0x0801a684                weights_2channels_prefetch
 .text.st_sssa8_ch_fullW_prefetch
                0x0801a858       0x80 ../Middlewares/ST/AI/Lib/NetworkRuntime910_CM4_GCC.a(st_sssa8_ch_nn_mat_mult_nt_t.o)
                0x0801a858                st_sssa8_ch_fullW_prefetch
 .text.st_int8_to_f32
                0x0801a8d8       0xc8 ../Middlewares/ST/AI/Lib/NetworkRuntime910_CM4_GCC.a(st_int8_to_f32.o)
                0x0801a8d8                st_int8_to_f32
 *fill*         0x0801a9a0     0x5660 
 .text.st_sssa8_ch_nn_mat_mult_deep_conv2d_3x3
                0x08020000      0xb30 ../Middlewares/ST/AI/Lib/NetworkRuntime910_CM4_GCC.a(st_sssa8_ch_nn_mat_mult_deep_conv2d_3x3.o)
                0x08020000                st_sssa8_ch_nn_mat_mult_deep_conv2d_3x3
 .text.st_sssa8_ch_nn_mat_mult_kernel_opt
                0x08020b30      0x33c ../Middlewares/ST/AI/Lib/NetworkRuntime910_CM4_GCC.a(st_sssa8_ch_nn_mat_mult_kernel_opt.o)
                0x08020b30                st_sssa8_ch_nn_mat_mult_kernel_opt
 *fill*         0x08020e6c        0x4 
 .text.st_sssa8_ch_nn_mat_mult_pw_nt_t
                0x08020e70      0x760 ../Middlewares/ST/AI/Lib/NetworkRuntime910_CM4_GCC.a(st_sssa8_ch_nn_mat_mult_pw_nt_t.o)
                0x08020e70                st_sssa8_ch_nn_mat_mult_pw_nt_t
 .text.st_sssa8_ch_nn_mat_mult_pw_nt_t_KWS
                0x080215d0      0x470 ../Middlewares/ST/AI/Lib/NetworkRuntime910_CM4_GCC.a(st_sssa8_ch_nn_mat_mult_pw_nt_t.o)
                0x080215d0                st_sssa8_ch_nn_mat_mult_pw_nt_t_KWS
 .text.ai_array_to_buffer_fmt
                0x08021a40       0xe0 ../Middlewares/ST/AI/Lib/NetworkRuntime910_CM4_GCC.a(ai_datatypes_format.o)
                0x08021a40                ai_array_to_buffer_fmt
 .text.ai_array_get_byte_size
                0x08021b20       0x50 ../Middlewares/ST/AI/Lib/NetworkRuntime910_CM4_GCC.a(ai_datatypes_format.o)
                0x08021b20                ai_array_get_byte_size
 .text.ai_array_get_data_byte_size
                0x08021b70       0x24 ../Middlewares/ST/AI/Lib/NetworkRuntime910_CM4_GCC.a(ai_datatypes_format.o)
                0x08021b70                ai_array_get_data_byte_size
 .text.ai_version_get
                0x08021b94        0xc ../Middlewares/ST/AI/Lib/NetworkRuntime910_CM4_GCC.a(ai_datatypes_internal.o)
                0x08021b94                ai_version_get
 .text.get_tensor_byte_size
                0x08021ba0       0x30 ../Middlewares/ST/AI/Lib/NetworkRuntime910_CM4_GCC.a(ai_datatypes_internal.o)
                0x08021ba0                get_tensor_byte_size
 .text.core_tensor_clone
                0x08021bd0       0x64 ../Middlewares/ST/AI/Lib/NetworkRuntime910_CM4_GCC.a(core_utils.o)
                0x08021bd0                core_tensor_clone
 .text.core_array_clone
                0x08021c34        0xc ../Middlewares/ST/AI/Lib/NetworkRuntime910_CM4_GCC.a(core_utils.o)
                0x08021c34                core_array_clone
 .text._lite_kernel_nl_softmax_is8os8
                0x08021c40     0x103c ../Middlewares/ST/AI/Lib/NetworkRuntime910_CM4_GCC.a(lite_nl_softmax_is8os8.o)
                0x08021c40                _lite_kernel_nl_softmax_is8os8
 .text._lite_kernel_nl_softmax_iu8ou8
                0x08022c7c      0x848 ../Middlewares/ST/AI/Lib/NetworkRuntime910_CM4_GCC.a(lite_nl_softmax_iu8ou8.o)
                0x08022c7c                _lite_kernel_nl_softmax_iu8ou8
 .text.lite_bilinear_is8os8_kernel
                0x080234c4       0xbc ../Middlewares/ST/AI/Lib/NetworkRuntime910_CM4_GCC.a(lite_bilinear_kernel.o)
                0x080234c4                lite_bilinear_is8os8_kernel
 .text.calloc   0x08023580       0x10 /opt/st/stm32cubeide_1.17.0/plugins/com.st.stm32cube.ide.mcu.externaltools.gnu-tools-for-stm32.12.3.rel1.linux64_1.1.0.202410170702/tools/bin/../lib/gcc/arm-none-eabi/12.3.1/../../../../arm-none-eabi/lib/thumb/v7e-m+fp/hard/libc_nano.a(libc_a-calloc.o)
                0x08023580                calloc
 .text._calloc_r
                0x08023590       0x28 /opt/st/stm32cubeide_1.17.0/plugins/com.st.stm32cube.ide.mcu.externaltools.gnu-tools-for-stm32.12.3.rel1.linux64_1.1.0.202410170702/tools/bin/../lib/gcc/arm-none-eabi/12.3.1/../../../../arm-none-eabi/lib/thumb/v7e-m+fp/hard/libc_nano.a(libc_a-callocr.o)
                0x08023590                _calloc_r
 .text.malloc   0x080235b8       0x10 /opt/st/stm32cubeide_1.17.0/plugins/com.st.stm32cube.ide.mcu.externaltools.gnu-tools-for-stm32.12.3.rel1.linux64_1.1.0.202410170702/tools/bin/../lib/gcc/arm-none-eabi/12.3.1/../../../../arm-none-eabi/lib/thumb/v7e-m+fp/hard/libc_nano.a(libc_a-malloc.o)
                0x080235b8                malloc
 .text.sbrk_aligned
                0x080235c8       0x44 /opt/st/stm32cubeide_1.17.0/plugins/com.st.stm32cube.ide.mcu.externaltools.gnu-tools-for-stm32.12.3.rel1.linux64_1.1.0.202410170702/tools/bin/../lib/gcc/arm-none-eabi/12.3.1/../../../../arm-none-eabi/lib/thumb/v7e-m+fp/hard/libc_nano.a(libc_a-mallocr.o)
 .text._malloc_r
                0x0802360c      0x100 /opt/st/stm32cubeide_1.17.0/plugins/com.st.stm32cube.ide.mcu.externaltools.gnu-tools-for-stm32.12.3.rel1.linux64_1.1.0.202410170702/tools/bin/../lib/gcc/arm-none-eabi/12.3.1/../../../../arm-none-eabi/lib/thumb/v7e-m+fp/hard/libc_nano.a(libc_a-mallocr.o)
                0x0802360c                _malloc_r
 .text.__malloc_lock
                0x0802370c        0xc /opt/st/stm32cubeide_1.17.0/plugins/com.st.stm32cube.ide.mcu.externaltools.gnu-tools-for-stm32.12.3.rel1.linux64_1.1.0.202410170702/tools/bin/../lib/gcc/arm-none-eabi/12.3.1/../../../../arm-none-eabi/lib/thumb/v7e-m+fp/hard/libc_nano.a(libc_a-mlock.o)
                0x0802370c                __malloc_lock
 .text.__malloc_unlock
                0x08023718        0xc /opt/st/stm32cubeide_1.17.0/plugins/com.st.stm32cube.ide.mcu.externaltools.gnu-tools-for-stm32.12.3.rel1.linux64_1.1.0.202410170702/tools/bin/../lib/gcc/arm-none-eabi/12.3.1/../../../../arm-none-eabi/lib/thumb/v7e-m+fp/hard/libc_nano.a(libc_a-mlock.o)
                0x08023718                __malloc_unlock
 .text._realloc_r
                0x08023724       0x5c /opt/st/stm32cubeide_1.17.0/plugins/com.st.stm32cube.ide.mcu.externaltools.gnu-tools-for-stm32.12.3.rel1.linux64_1.1.0.202410170702/tools/bin/../lib/gcc/arm-none-eabi/12.3.1/../../../../arm-none-eabi/lib/thumb/v7e-m+fp/hard/libc_nano.a(libc_a-reallocr.o)
                0x08023724                _realloc_r
 .text.__cvt    0x08023780       0xca /opt/st/stm32cubeide_1.17.0/plugins/com.st.stm32cube.ide.mcu.externaltools.gnu-tools-for-stm32.12.3.rel1.linux64_1.1.0.202410170702/tools/bin/../lib/gcc/arm-none-eabi/12.3.1/../../../../arm-none-eabi/lib/thumb/v7e-m+fp/hard/libc_nano.a(libc_a-nano-vfprintf_float.o)
                0x08023780                __cvt
 .text.__exponent
                0x0802384a       0x74 /opt/st/stm32cubeide_1.17.0/plugins/com.st.stm32cube.ide.mcu.externaltools.gnu-tools-for-stm32.12.3.rel1.linux64_1.1.0.202410170702/tools/bin/../lib/gcc/arm-none-eabi/12.3.1/../../../../arm-none-eabi/lib/thumb/v7e-m+fp/hard/libc_nano.a(libc_a-nano-vfprintf_float.o)
                0x0802384a                __exponent
 *fill*         0x080238be        0x2 
 .text._printf_float
                0x080238c0      0x454 /opt/st/stm32cubeide_1.17.0/plugins/com.st.stm32cube.ide.mcu.externaltools.gnu-tools-for-stm32.12.3.rel1.linux64_1.1.0.202410170702/tools/bin/../lib/gcc/arm-none-eabi/12.3.1/../../../../arm-none-eabi/lib/thumb/v7e-m+fp/hard/libc_nano.a(libc_a-nano-vfprintf_float.o)
                0x080238c0                _printf_float
 .text._printf_common
                0x08023d14       0xda /opt/st/stm32cubeide_1.17.0/plugins/com.st.stm32cube.ide.mcu.externaltools.gnu-tools-for-stm32.12.3.rel1.linux64_1.1.0.202410170702/tools/bin/../lib/gcc/arm-none-eabi/12.3.1/../../../../arm-none-eabi/lib/thumb/v7e-m+fp/hard/libc_nano.a(libc_a-nano-vfprintf_i.o)
                0x08023d14                _printf_common
 *fill*         0x08023dee        0x2 
 .text._printf_i
                0x08023df0      0x240 /opt/st/stm32cubeide_1.17.0/plugins/com.st.stm32cube.ide.mcu.externaltools.gnu-tools-for-stm32.12.3.rel1.linux64_1.1.0.202410170702/tools/bin/../lib/gcc/arm-none-eabi/12.3.1/../../../../arm-none-eabi/lib/thumb/v7e-m+fp/hard/libc_nano.a(libc_a-nano-vfprintf_i.o)
                0x08023df0                _printf_i
 .text.std      0x08024030       0x6c /opt/st/stm32cubeide_1.17.0/plugins/com.st.stm32cube.ide.mcu.externaltools.gnu-tools-for-stm32.12.3.rel1.linux64_1.1.0.202410170702/tools/bin/../lib/gcc/arm-none-eabi/12.3.1/../../../../arm-none-eabi/lib/thumb/v7e-m+fp/hard/libc_nano.a(libc_a-findfp.o)
 .text.stdio_exit_handler
                0x0802409c       0x18 /opt/st/stm32cubeide_1.17.0/plugins/com.st.stm32cube.ide.mcu.externaltools.gnu-tools-for-stm32.12.3.rel1.linux64_1.1.0.202410170702/tools/bin/../lib/gcc/arm-none-eabi/12.3.1/../../../../arm-none-eabi/lib/thumb/v7e-m+fp/hard/libc_nano.a(libc_a-findfp.o)
 .text.cleanup_stdio
                0x080240b4       0x40 /opt/st/stm32cubeide_1.17.0/plugins/com.st.stm32cube.ide.mcu.externaltools.gnu-tools-for-stm32.12.3.rel1.linux64_1.1.0.202410170702/tools/bin/../lib/gcc/arm-none-eabi/12.3.1/../../../../arm-none-eabi/lib/thumb/v7e-m+fp/hard/libc_nano.a(libc_a-findfp.o)
 .text.global_stdio_init.part.0
                0x080240f4       0x3c /opt/st/stm32cubeide_1.17.0/plugins/com.st.stm32cube.ide.mcu.externaltools.gnu-tools-for-stm32.12.3.rel1.linux64_1.1.0.202410170702/tools/bin/../lib/gcc/arm-none-eabi/12.3.1/../../../../arm-none-eabi/lib/thumb/v7e-m+fp/hard/libc_nano.a(libc_a-findfp.o)
 .text.__sfp_lock_acquire
                0x08024130        0xc /opt/st/stm32cubeide_1.17.0/plugins/com.st.stm32cube.ide.mcu.externaltools.gnu-tools-for-stm32.12.3.rel1.linux64_1.1.0.202410170702/tools/bin/../lib/gcc/arm-none-eabi/12.3.1/../../../../arm-none-eabi/lib/thumb/v7e-m+fp/hard/libc_nano.a(libc_a-findfp.o)
                0x08024130                __sfp_lock_acquire
 .text.__sfp_lock_release
                0x0802413c        0xc /opt/st/stm32cubeide_1.17.0/plugins/com.st.stm32cube.ide.mcu.externaltools.gnu-tools-for-stm32.12.3.rel1.linux64_1.1.0.202410170702/tools/bin/../lib/gcc/arm-none-eabi/12.3.1/../../../../arm-none-eabi/lib/thumb/v7e-m+fp/hard/libc_nano.a(libc_a-findfp.o)
                0x0802413c                __sfp_lock_release
 .text.__sinit  0x08024148       0x30 /opt/st/stm32cubeide_1.17.0/plugins/com.st.stm32cube.ide.mcu.externaltools.gnu-tools-for-stm32.12.3.rel1.linux64_1.1.0.202410170702/tools/bin/../lib/gcc/arm-none-eabi/12.3.1/../../../../arm-none-eabi/lib/thumb/v7e-m+fp/hard/libc_nano.a(libc_a-findfp.o)
                0x08024148                __sinit
 .text._fwalk_sglue
                0x08024178       0x3c /opt/st/stm32cubeide_1.17.0/plugins/com.st.stm32cube.ide.mcu.externaltools.gnu-tools-for-stm32.12.3.rel1.linux64_1.1.0.202410170702/tools/bin/../lib/gcc/arm-none-eabi/12.3.1/../../../../arm-none-eabi/lib/thumb/v7e-m+fp/hard/libc_nano.a(libc_a-fwalk.o)
                0x08024178                _fwalk_sglue
 .text.printf   0x080241b4       0x24 /opt/st/stm32cubeide_1.17.0/plugins/com.st.stm32cube.ide.mcu.externaltools.gnu-tools-for-stm32.12.3.rel1.linux64_1.1.0.202410170702/tools/bin/../lib/gcc/arm-none-eabi/12.3.1/../../../../arm-none-eabi/lib/thumb/v7e-m+fp/hard/libc_nano.a(libc_a-printf.o)
                0x080241b4                printf
                0x080241b4                iprintf
 .text.snprintf
                0x080241d8       0x68 /opt/st/stm32cubeide_1.17.0/plugins/com.st.stm32cube.ide.mcu.externaltools.gnu-tools-for-stm32.12.3.rel1.linux64_1.1.0.202410170702/tools/bin/../lib/gcc/arm-none-eabi/12.3.1/../../../../arm-none-eabi/lib/thumb/v7e-m+fp/hard/libc_nano.a(libc_a-snprintf.o)
                0x080241d8                snprintf
                0x080241d8                sniprintf
 .text.sprintf  0x08024240       0x40 /opt/st/stm32cubeide_1.17.0/plugins/com.st.stm32cube.ide.mcu.externaltools.gnu-tools-for-stm32.12.3.rel1.linux64_1.1.0.202410170702/tools/bin/../lib/gcc/arm-none-eabi/12.3.1/../../../../arm-none-eabi/lib/thumb/v7e-m+fp/hard/libc_nano.a(libc_a-sprintf.o)
                0x08024240                sprintf
                0x08024240                siprintf
 .text.__sread  0x08024280       0x22 /opt/st/stm32cubeide_1.17.0/plugins/com.st.stm32cube.ide.mcu.externaltools.gnu-tools-for-stm32.12.3.rel1.linux64_1.1.0.202410170702/tools/bin/../lib/gcc/arm-none-eabi/12.3.1/../../../../arm-none-eabi/lib/thumb/v7e-m+fp/hard/libc_nano.a(libc_a-stdio.o)
                0x08024280                __sread
 .text.__swrite
                0x080242a2       0x38 /opt/st/stm32cubeide_1.17.0/plugins/com.st.stm32cube.ide.mcu.externaltools.gnu-tools-for-stm32.12.3.rel1.linux64_1.1.0.202410170702/tools/bin/../lib/gcc/arm-none-eabi/12.3.1/../../../../arm-none-eabi/lib/thumb/v7e-m+fp/hard/libc_nano.a(libc_a-stdio.o)
                0x080242a2                __swrite
 .text.__sseek  0x080242da       0x24 /opt/st/stm32cubeide_1.17.0/plugins/com.st.stm32cube.ide.mcu.externaltools.gnu-tools-for-stm32.12.3.rel1.linux64_1.1.0.202410170702/tools/bin/../lib/gcc/arm-none-eabi/12.3.1/../../../../arm-none-eabi/lib/thumb/v7e-m+fp/hard/libc_nano.a(libc_a-stdio.o)
                0x080242da                __sseek
 .text.__sclose
                0x080242fe        0x8 /opt/st/stm32cubeide_1.17.0/plugins/com.st.stm32cube.ide.mcu.externaltools.gnu-tools-for-stm32.12.3.rel1.linux64_1.1.0.202410170702/tools/bin/../lib/gcc/arm-none-eabi/12.3.1/../../../../arm-none-eabi/lib/thumb/v7e-m+fp/hard/libc_nano.a(libc_a-stdio.o)
                0x080242fe                __sclose
 .text.memset   0x08024306       0x10 /opt/st/stm32cubeide_1.17.0/plugins/com.st.stm32cube.ide.mcu.externaltools.gnu-tools-for-stm32.12.3.rel1.linux64_1.1.0.202410170702/tools/bin/../lib/gcc/arm-none-eabi/12.3.1/../../../../arm-none-eabi/lib/thumb/v7e-m+fp/hard/libc_nano.a(libc_a-memset.o)
                0x08024306                memset
 *fill*         0x08024316        0x2 
 .text._localeconv_r
                0x08024318        0x8 /opt/st/stm32cubeide_1.17.0/plugins/com.st.stm32cube.ide.mcu.externaltools.gnu-tools-for-stm32.12.3.rel1.linux64_1.1.0.202410170702/tools/bin/../lib/gcc/arm-none-eabi/12.3.1/../../../../arm-none-eabi/lib/thumb/v7e-m+fp/hard/libc_nano.a(libc_a-localeconv.o)
                0x08024318                _localeconv_r
 .text._close_r
                0x08024320       0x20 /opt/st/stm32cubeide_1.17.0/plugins/com.st.stm32cube.ide.mcu.externaltools.gnu-tools-for-stm32.12.3.rel1.linux64_1.1.0.202410170702/tools/bin/../lib/gcc/arm-none-eabi/12.3.1/../../../../arm-none-eabi/lib/thumb/v7e-m+fp/hard/libc_nano.a(libc_a-closer.o)
                0x08024320                _close_r
 .text._lseek_r
                0x08024340       0x24 /opt/st/stm32cubeide_1.17.0/plugins/com.st.stm32cube.ide.mcu.externaltools.gnu-tools-for-stm32.12.3.rel1.linux64_1.1.0.202410170702/tools/bin/../lib/gcc/arm-none-eabi/12.3.1/../../../../arm-none-eabi/lib/thumb/v7e-m+fp/hard/libc_nano.a(libc_a-lseekr.o)
                0x08024340                _lseek_r
 .text._read_r  0x08024364       0x24 /opt/st/stm32cubeide_1.17.0/plugins/com.st.stm32cube.ide.mcu.externaltools.gnu-tools-for-stm32.12.3.rel1.linux64_1.1.0.202410170702/tools/bin/../lib/gcc/arm-none-eabi/12.3.1/../../../../arm-none-eabi/lib/thumb/v7e-m+fp/hard/libc_nano.a(libc_a-readr.o)
                0x08024364                _read_r
 .text._sbrk_r  0x08024388       0x20 /opt/st/stm32cubeide_1.17.0/plugins/com.st.stm32cube.ide.mcu.externaltools.gnu-tools-for-stm32.12.3.rel1.linux64_1.1.0.202410170702/tools/bin/../lib/gcc/arm-none-eabi/12.3.1/../../../../arm-none-eabi/lib/thumb/v7e-m+fp/hard/libc_nano.a(libc_a-sbrkr.o)
                0x08024388                _sbrk_r
 .text._write_r
                0x080243a8       0x24 /opt/st/stm32cubeide_1.17.0/plugins/com.st.stm32cube.ide.mcu.externaltools.gnu-tools-for-stm32.12.3.rel1.linux64_1.1.0.202410170702/tools/bin/../lib/gcc/arm-none-eabi/12.3.1/../../../../arm-none-eabi/lib/thumb/v7e-m+fp/hard/libc_nano.a(libc_a-writer.o)
                0x080243a8                _write_r
 .text.__errno  0x080243cc        0xc /opt/st/stm32cubeide_1.17.0/plugins/com.st.stm32cube.ide.mcu.externaltools.gnu-tools-for-stm32.12.3.rel1.linux64_1.1.0.202410170702/tools/bin/../lib/gcc/arm-none-eabi/12.3.1/../../../../arm-none-eabi/lib/thumb/v7e-m+fp/hard/libc_nano.a(libc_a-errno.o)
                0x080243cc                __errno
 .text.__libc_init_array
                0x080243d8       0x48 /opt/st/stm32cubeide_1.17.0/plugins/com.st.stm32cube.ide.mcu.externaltools.gnu-tools-for-stm32.12.3.rel1.linux64_1.1.0.202410170702/tools/bin/../lib/gcc/arm-none-eabi/12.3.1/../../../../arm-none-eabi/lib/thumb/v7e-m+fp/hard/libc_nano.a(libc_a-init.o)
                0x080243d8                __libc_init_array
 .text.__retarget_lock_init_recursive
                0x08024420        0x2 /opt/st/stm32cubeide_1.17.0/plugins/com.st.stm32cube.ide.mcu.externaltools.gnu-tools-for-stm32.12.3.rel1.linux64_1.1.0.202410170702/tools/bin/../lib/gcc/arm-none-eabi/12.3.1/../../../../arm-none-eabi/lib/thumb/v7e-m+fp/hard/libc_nano.a(libc_a-lock.o)
                0x08024420                __retarget_lock_init_recursive
 .text.__retarget_lock_acquire_recursive
                0x08024422        0x2 /opt/st/stm32cubeide_1.17.0/plugins/com.st.stm32cube.ide.mcu.externaltools.gnu-tools-for-stm32.12.3.rel1.linux64_1.1.0.202410170702/tools/bin/../lib/gcc/arm-none-eabi/12.3.1/../../../../arm-none-eabi/lib/thumb/v7e-m+fp/hard/libc_nano.a(libc_a-lock.o)
                0x08024422                __retarget_lock_acquire_recursive
 .text.__retarget_lock_release_recursive
                0x08024424        0x2 /opt/st/stm32cubeide_1.17.0/plugins/com.st.stm32cube.ide.mcu.externaltools.gnu-tools-for-stm32.12.3.rel1.linux64_1.1.0.202410170702/tools/bin/../lib/gcc/arm-none-eabi/12.3.1/../../../../arm-none-eabi/lib/thumb/v7e-m+fp/hard/libc_nano.a(libc_a-lock.o)
                0x08024424                __retarget_lock_release_recursive
 .text.strcpy   0x08024426       0x10 /opt/st/stm32cubeide_1.17.0/plugins/com.st.stm32cube.ide.mcu.externaltools.gnu-tools-for-stm32.12.3.rel1.linux64_1.1.0.202410170702/tools/bin/../lib/gcc/arm-none-eabi/12.3.1/../../../../arm-none-eabi/lib/thumb/v7e-m+fp/hard/libc_nano.a(libc_a-strcpy.o)
                0x08024426                strcpy
 .text.memcpy   0x08024436       0x1c /opt/st/stm32cubeide_1.17.0/plugins/com.st.stm32cube.ide.mcu.externaltools.gnu-tools-for-stm32.12.3.rel1.linux64_1.1.0.202410170702/tools/bin/../lib/gcc/arm-none-eabi/12.3.1/../../../../arm-none-eabi/lib/thumb/v7e-m+fp/hard/libc_nano.a(libc_a-memcpy-stub.o)
                0x08024436                memcpy
 .text.quorem   0x08024452      0x110 /opt/st/stm32cubeide_1.17.0/plugins/com.st.stm32cube.ide.mcu.externaltools.gnu-tools-for-stm32.12.3.rel1.linux64_1.1.0.202410170702/tools/bin/../lib/gcc/arm-none-eabi/12.3.1/../../../../arm-none-eabi/lib/thumb/v7e-m+fp/hard/libc_nano.a(libc_a-dtoa.o)
 *fill*         0x08024562        0x6 
 .text._dtoa_r  0x08024568      0xb88 /opt/st/stm32cubeide_1.17.0/plugins/com.st.stm32cube.ide.mcu.externaltools.gnu-tools-for-stm32.12.3.rel1.linux64_1.1.0.202410170702/tools/bin/../lib/gcc/arm-none-eabi/12.3.1/../../../../arm-none-eabi/lib/thumb/v7e-m+fp/hard/libc_nano.a(libc_a-dtoa.o)
                0x08024568                _dtoa_r
 .text._free_r  0x080250f0       0x94 /opt/st/stm32cubeide_1.17.0/plugins/com.st.stm32cube.ide.mcu.externaltools.gnu-tools-for-stm32.12.3.rel1.linux64_1.1.0.202410170702/tools/bin/../lib/gcc/arm-none-eabi/12.3.1/../../../../arm-none-eabi/lib/thumb/v7e-m+fp/hard/libc_nano.a(libc_a-freer.o)
                0x080250f0                _free_r
 .text._Balloc  0x08025184       0x80 /opt/st/stm32cubeide_1.17.0/plugins/com.st.stm32cube.ide.mcu.externaltools.gnu-tools-for-stm32.12.3.rel1.linux64_1.1.0.202410170702/tools/bin/../lib/gcc/arm-none-eabi/12.3.1/../../../../arm-none-eabi/lib/thumb/v7e-m+fp/hard/libc_nano.a(libc_a-mprec.o)
                0x08025184                _Balloc
 .text._Bfree   0x08025204       0x44 /opt/st/stm32cubeide_1.17.0/plugins/com.st.stm32cube.ide.mcu.externaltools.gnu-tools-for-stm32.12.3.rel1.linux64_1.1.0.202410170702/tools/bin/../lib/gcc/arm-none-eabi/12.3.1/../../../../arm-none-eabi/lib/thumb/v7e-m+fp/hard/libc_nano.a(libc_a-mprec.o)
                0x08025204                _Bfree
 .text.__multadd
                0x08025248       0x8c /opt/st/stm32cubeide_1.17.0/plugins/com.st.stm32cube.ide.mcu.externaltools.gnu-tools-for-stm32.12.3.rel1.linux64_1.1.0.202410170702/tools/bin/../lib/gcc/arm-none-eabi/12.3.1/../../../../arm-none-eabi/lib/thumb/v7e-m+fp/hard/libc_nano.a(libc_a-mprec.o)
                0x08025248                __multadd
 .text.__hi0bits
                0x080252d4       0x3e /opt/st/stm32cubeide_1.17.0/plugins/com.st.stm32cube.ide.mcu.externaltools.gnu-tools-for-stm32.12.3.rel1.linux64_1.1.0.202410170702/tools/bin/../lib/gcc/arm-none-eabi/12.3.1/../../../../arm-none-eabi/lib/thumb/v7e-m+fp/hard/libc_nano.a(libc_a-mprec.o)
                0x080252d4                __hi0bits
 .text.__lo0bits
                0x08025312       0x5a /opt/st/stm32cubeide_1.17.0/plugins/com.st.stm32cube.ide.mcu.externaltools.gnu-tools-for-stm32.12.3.rel1.linux64_1.1.0.202410170702/tools/bin/../lib/gcc/arm-none-eabi/12.3.1/../../../../arm-none-eabi/lib/thumb/v7e-m+fp/hard/libc_nano.a(libc_a-mprec.o)
                0x08025312                __lo0bits
 .text.__i2b    0x0802536c       0x2c /opt/st/stm32cubeide_1.17.0/plugins/com.st.stm32cube.ide.mcu.externaltools.gnu-tools-for-stm32.12.3.rel1.linux64_1.1.0.202410170702/tools/bin/../lib/gcc/arm-none-eabi/12.3.1/../../../../arm-none-eabi/lib/thumb/v7e-m+fp/hard/libc_nano.a(libc_a-mprec.o)
                0x0802536c                __i2b
 .text.__multiply
                0x08025398      0x154 /opt/st/stm32cubeide_1.17.0/plugins/com.st.stm32cube.ide.mcu.externaltools.gnu-tools-for-stm32.12.3.rel1.linux64_1.1.0.202410170702/tools/bin/../lib/gcc/arm-none-eabi/12.3.1/../../../../arm-none-eabi/lib/thumb/v7e-m+fp/hard/libc_nano.a(libc_a-mprec.o)
                0x08025398                __multiply
 .text.__pow5mult
                0x080254ec       0xb4 /opt/st/stm32cubeide_1.17.0/plugins/com.st.stm32cube.ide.mcu.externaltools.gnu-tools-for-stm32.12.3.rel1.linux64_1.1.0.202410170702/tools/bin/../lib/gcc/arm-none-eabi/12.3.1/../../../../arm-none-eabi/lib/thumb/v7e-m+fp/hard/libc_nano.a(libc_a-mprec.o)
                0x080254ec                __pow5mult
 .text.__lshift
                0x080255a0       0xd8 /opt/st/stm32cubeide_1.17.0/plugins/com.st.stm32cube.ide.mcu.externaltools.gnu-tools-for-stm32.12.3.rel1.linux64_1.1.0.202410170702/tools/bin/../lib/gcc/arm-none-eabi/12.3.1/../../../../arm-none-eabi/lib/thumb/v7e-m+fp/hard/libc_nano.a(libc_a-mprec.o)
                0x080255a0                __lshift
 .text.__mcmp   0x08025678       0x36 /opt/st/stm32cubeide_1.17.0/plugins/com.st.stm32cube.ide.mcu.externaltools.gnu-tools-for-stm32.12.3.rel1.linux64_1.1.0.202410170702/tools/bin/../lib/gcc/arm-none-eabi/12.3.1/../../../../arm-none-eabi/lib/thumb/v7e-m+fp/hard/libc_nano.a(libc_a-mprec.o)
                0x08025678                __mcmp
 *fill*         0x080256ae        0x2 
 .text.__mdiff  0x080256b0      0x128 /opt/st/stm32cubeide_1.17.0/plugins/com.st.stm32cube.ide.mcu.externaltools.gnu-tools-for-stm32.12.3.rel1.linux64_1.1.0.202410170702/tools/bin/../lib/gcc/arm-none-eabi/12.3.1/../../../../arm-none-eabi/lib/thumb/v7e-m+fp/hard/libc_nano.a(libc_a-mprec.o)
                0x080256b0                __mdiff
 .text.__d2b    0x080257d8       0xb0 /opt/st/stm32cubeide_1.17.0/plugins/com.st.stm32cube.ide.mcu.externaltools.gnu-tools-for-stm32.12.3.rel1.linux64_1.1.0.202410170702/tools/bin/../lib/gcc/arm-none-eabi/12.3.1/../../../../arm-none-eabi/lib/thumb/v7e-m+fp/hard/libc_nano.a(libc_a-mprec.o)
                0x080257d8                __d2b
 .text._malloc_usable_size_r
                0x08025888       0x10 /opt/st/stm32cubeide_1.17.0/plugins/com.st.stm32cube.ide.mcu.externaltools.gnu-tools-for-stm32.12.3.rel1.linux64_1.1.0.202410170702/tools/bin/../lib/gcc/arm-none-eabi/12.3.1/../../../../arm-none-eabi/lib/thumb/v7e-m+fp/hard/libc_nano.a(libc_a-msizer.o)
                0x08025888                _malloc_usable_size_r
 .text.__ssputs_r
                0x08025898       0xb6 /opt/st/stm32cubeide_1.17.0/plugins/com.st.stm32cube.ide.mcu.externaltools.gnu-tools-for-stm32.12.3.rel1.linux64_1.1.0.202410170702/tools/bin/../lib/gcc/arm-none-eabi/12.3.1/../../../../arm-none-eabi/lib/thumb/v7e-m+fp/hard/libc_nano.a(libc_a-nano-svfprintf.o)
                0x08025898                __ssputs_r
 *fill*         0x0802594e        0x2 
 .text._svfprintf_r
                0x08025950      0x1f8 /opt/st/stm32cubeide_1.17.0/plugins/com.st.stm32cube.ide.mcu.externaltools.gnu-tools-for-stm32.12.3.rel1.linux64_1.1.0.202410170702/tools/bin/../lib/gcc/arm-none-eabi/12.3.1/../../../../arm-none-eabi/lib/thumb/v7e-m+fp/hard/libc_nano.a(libc_a-nano-svfprintf.o)
                0x08025950                _svfprintf_r
                0x08025950                _svfiprintf_r
 .text.__sfputc_r
                0x08025b48       0x2e /opt/st/stm32cubeide_1.17.0/plugins/com.st.stm32cube.ide.mcu.externaltools.gnu-tools-for-stm32.12.3.rel1.linux64_1.1.0.202410170702/tools/bin/../lib/gcc/arm-none-eabi/12.3.1/../../../../arm-none-eabi/lib/thumb/v7e-m+fp/hard/libc_nano.a(libc_a-nano-vfprintf.o)
 .text.__sfputs_r
                0x08025b76       0x24 /opt/st/stm32cubeide_1.17.0/plugins/com.st.stm32cube.ide.mcu.externaltools.gnu-tools-for-stm32.12.3.rel1.linux64_1.1.0.202410170702/tools/bin/../lib/gcc/arm-none-eabi/12.3.1/../../../../arm-none-eabi/lib/thumb/v7e-m+fp/hard/libc_nano.a(libc_a-nano-vfprintf.o)
                0x08025b76                __sfputs_r
 *fill*         0x08025b9a        0x2 
 .text._vfprintf_r
                0x08025b9c      0x230 /opt/st/stm32cubeide_1.17.0/plugins/com.st.stm32cube.ide.mcu.externaltools.gnu-tools-for-stm32.12.3.rel1.linux64_1.1.0.202410170702/tools/bin/../lib/gcc/arm-none-eabi/12.3.1/../../../../arm-none-eabi/lib/thumb/v7e-m+fp/hard/libc_nano.a(libc_a-nano-vfprintf.o)
                0x08025b9c                _vfiprintf_r
                0x08025b9c                _vfprintf_r
 .text.__sflush_r
                0x08025dcc      0x108 /opt/st/stm32cubeide_1.17.0/plugins/com.st.stm32cube.ide.mcu.externaltools.gnu-tools-for-stm32.12.3.rel1.linux64_1.1.0.202410170702/tools/bin/../lib/gcc/arm-none-eabi/12.3.1/../../../../arm-none-eabi/lib/thumb/v7e-m+fp/hard/libc_nano.a(libc_a-fflush.o)
                0x08025dcc                __sflush_r
 .text._fflush_r
                0x08025ed4       0x50 /opt/st/stm32cubeide_1.17.0/plugins/com.st.stm32cube.ide.mcu.externaltools.gnu-tools-for-stm32.12.3.rel1.linux64_1.1.0.202410170702/tools/bin/../lib/gcc/arm-none-eabi/12.3.1/../../../../arm-none-eabi/lib/thumb/v7e-m+fp/hard/libc_nano.a(libc_a-fflush.o)
                0x08025ed4                _fflush_r
 .text.__swbuf_r
                0x08025f24       0x7c /opt/st/stm32cubeide_1.17.0/plugins/com.st.stm32cube.ide.mcu.externaltools.gnu-tools-for-stm32.12.3.rel1.linux64_1.1.0.202410170702/tools/bin/../lib/gcc/arm-none-eabi/12.3.1/../../../../arm-none-eabi/lib/thumb/v7e-m+fp/hard/libc_nano.a(libc_a-wbuf.o)
                0x08025f24                __swbuf_r
 .text.__swsetup_r
                0x08025fa0       0xac /opt/st/stm32cubeide_1.17.0/plugins/com.st.stm32cube.ide.mcu.externaltools.gnu-tools-for-stm32.12.3.rel1.linux64_1.1.0.202410170702/tools/bin/../lib/gcc/arm-none-eabi/12.3.1/../../../../arm-none-eabi/lib/thumb/v7e-m+fp/hard/libc_nano.a(libc_a-wsetup.o)
                0x08025fa0                __swsetup_r
 .text.memmove  0x0802604c       0x34 /opt/st/stm32cubeide_1.17.0/plugins/com.st.stm32cube.ide.mcu.externaltools.gnu-tools-for-stm32.12.3.rel1.linux64_1.1.0.202410170702/tools/bin/../lib/gcc/arm-none-eabi/12.3.1/../../../../arm-none-eabi/lib/thumb/v7e-m+fp/hard/libc_nano.a(libc_a-memmove.o)
                0x0802604c                memmove
 .text.__assert_func
                0x08026080       0x3c /opt/st/stm32cubeide_1.17.0/plugins/com.st.stm32cube.ide.mcu.externaltools.gnu-tools-for-stm32.12.3.rel1.linux64_1.1.0.202410170702/tools/bin/../lib/gcc/arm-none-eabi/12.3.1/../../../../arm-none-eabi/lib/thumb/v7e-m+fp/hard/libc_nano.a(libc_a-assert.o)
                0x08026080                __assert_func
 .text.__ascii_mbtowc
                0x080260bc       0x24 /opt/st/stm32cubeide_1.17.0/plugins/com.st.stm32cube.ide.mcu.externaltools.gnu-tools-for-stm32.12.3.rel1.linux64_1.1.0.202410170702/tools/bin/../lib/gcc/arm-none-eabi/12.3.1/../../../../arm-none-eabi/lib/thumb/v7e-m+fp/hard/libc_nano.a(libc_a-mbtowc_r.o)
                0x080260bc                __ascii_mbtowc
 .text.__ascii_wctomb
                0x080260e0       0x1a /opt/st/stm32cubeide_1.17.0/plugins/com.st.stm32cube.ide.mcu.externaltools.gnu-tools-for-stm32.12.3.rel1.linux64_1.1.0.202410170702/tools/bin/../lib/gcc/arm-none-eabi/12.3.1/../../../../arm-none-eabi/lib/thumb/v7e-m+fp/hard/libc_nano.a(libc_a-wctomb_r.o)
                0x080260e0                __ascii_wctomb
 *fill*         0x080260fa        0x2 
 .text.fprintf  0x080260fc       0x24 /opt/st/stm32cubeide_1.17.0/plugins/com.st.stm32cube.ide.mcu.externaltools.gnu-tools-for-stm32.12.3.rel1.linux64_1.1.0.202410170702/tools/bin/../lib/gcc/arm-none-eabi/12.3.1/../../../../arm-none-eabi/lib/thumb/v7e-m+fp/hard/libc_nano.a(libc_a-fprintf.o)
                0x080260fc                fprintf
                0x080260fc                fiprintf
 .text.__swhatbuf_r
                0x08026120       0x4c /opt/st/stm32cubeide_1.17.0/plugins/com.st.stm32cube.ide.mcu.externaltools.gnu-tools-for-stm32.12.3.rel1.linux64_1.1.0.202410170702/tools/bin/../lib/gcc/arm-none-eabi/12.3.1/../../../../arm-none-eabi/lib/thumb/v7e-m+fp/hard/libc_nano.a(libc_a-makebuf.o)
                0x08026120                __swhatbuf_r
 .text.__smakebuf_r
                0x0802616c       0x78 /opt/st/stm32cubeide_1.17.0/plugins/com.st.stm32cube.ide.mcu.externaltools.gnu-tools-for-stm32.12.3.rel1.linux64_1.1.0.202410170702/tools/bin/../lib/gcc/arm-none-eabi/12.3.1/../../../../arm-none-eabi/lib/thumb/v7e-m+fp/hard/libc_nano.a(libc_a-makebuf.o)
                0x0802616c                __smakebuf_r
 .text._fstat_r
                0x080261e4       0x24 /opt/st/stm32cubeide_1.17.0/plugins/com.st.stm32cube.ide.mcu.externaltools.gnu-tools-for-stm32.12.3.rel1.linux64_1.1.0.202410170702/tools/bin/../lib/gcc/arm-none-eabi/12.3.1/../../../../arm-none-eabi/lib/thumb/v7e-m+fp/hard/libc_nano.a(libc_a-fstatr.o)
                0x080261e4                _fstat_r
 .text._isatty_r
                0x08026208       0x20 /opt/st/stm32cubeide_1.17.0/plugins/com.st.stm32cube.ide.mcu.externaltools.gnu-tools-for-stm32.12.3.rel1.linux64_1.1.0.202410170702/tools/bin/../lib/gcc/arm-none-eabi/12.3.1/../../../../arm-none-eabi/lib/thumb/v7e-m+fp/hard/libc_nano.a(libc_a-isattyr.o)
                0x08026208                _isatty_r
 .text.abort    0x08026228        0xe /opt/st/stm32cubeide_1.17.0/plugins/com.st.stm32cube.ide.mcu.externaltools.gnu-tools-for-stm32.12.3.rel1.linux64_1.1.0.202410170702/tools/bin/../lib/gcc/arm-none-eabi/12.3.1/../../../../arm-none-eabi/lib/thumb/v7e-m+fp/hard/libc_nano.a(libc_a-abort.o)
                0x08026228                abort
 .text._raise_r
                0x08026236       0x50 /opt/st/stm32cubeide_1.17.0/plugins/com.st.stm32cube.ide.mcu.externaltools.gnu-tools-for-stm32.12.3.rel1.linux64_1.1.0.202410170702/tools/bin/../lib/gcc/arm-none-eabi/12.3.1/../../../../arm-none-eabi/lib/thumb/v7e-m+fp/hard/libc_nano.a(libc_a-signal.o)
                0x08026236                _raise_r
 *fill*         0x08026286        0x2 
 .text.raise    0x08026288       0x10 /opt/st/stm32cubeide_1.17.0/plugins/com.st.stm32cube.ide.mcu.externaltools.gnu-tools-for-stm32.12.3.rel1.linux64_1.1.0.202410170702/tools/bin/../lib/gcc/arm-none-eabi/12.3.1/../../../../arm-none-eabi/lib/thumb/v7e-m+fp/hard/libc_nano.a(libc_a-signal.o)
                0x08026288                raise
 .text._kill_r  0x08026298       0x24 /opt/st/stm32cubeide_1.17.0/plugins/com.st.stm32cube.ide.mcu.externaltools.gnu-tools-for-stm32.12.3.rel1.linux64_1.1.0.202410170702/tools/bin/../lib/gcc/arm-none-eabi/12.3.1/../../../../arm-none-eabi/lib/thumb/v7e-m+fp/hard/libc_nano.a(libc_a-signalr.o)
                0x08026298                _kill_r
 .text._getpid_r
                0x080262bc        0x4 /opt/st/stm32cubeide_1.17.0/plugins/com.st.stm32cube.ide.mcu.externaltools.gnu-tools-for-stm32.12.3.rel1.linux64_1.1.0.202410170702/tools/bin/../lib/gcc/arm-none-eabi/12.3.1/../../../../arm-none-eabi/lib/thumb/v7e-m+fp/hard/libc_nano.a(libc_a-signalr.o)
                0x080262bc                _getpid_r
 .text.powf     0x080262c0       0xae /opt/st/stm32cubeide_1.17.0/plugins/com.st.stm32cube.ide.mcu.externaltools.gnu-tools-for-stm32.12.3.rel1.linux64_1.1.0.202410170702/tools/bin/../lib/gcc/arm-none-eabi/12.3.1/../../../../arm-none-eabi/lib/thumb/v7e-m+fp/hard/libm.a(libm_a-wf_pow.o)
                0x080262c0                powf
 .text.finitef  0x0802636e       0x14 /opt/st/stm32cubeide_1.17.0/plugins/com.st.stm32cube.ide.mcu.externaltools.gnu-tools-for-stm32.12.3.rel1.linux64_1.1.0.202410170702/tools/bin/../lib/gcc/arm-none-eabi/12.3.1/../../../../arm-none-eabi/lib/thumb/v7e-m+fp/hard/libm.a(libm_a-sf_finite.o)
                0x0802636e                finitef
 *fill*         0x08026382        0x2 
 .text.__ieee754_powf
                0x08026384      0x5a0 /opt/st/stm32cubeide_1.17.0/plugins/com.st.stm32cube.ide.mcu.externaltools.gnu-tools-for-stm32.12.3.rel1.linux64_1.1.0.202410170702/tools/bin/../lib/gcc/arm-none-eabi/12.3.1/../../../../arm-none-eabi/lib/thumb/v7e-m+fp/hard/libm.a(libm_a-ef_pow.o)
                0x08026384                __ieee754_powf
 .text.fabsf    0x08026924        0xe /opt/st/stm32cubeide_1.17.0/plugins/com.st.stm32cube.ide.mcu.externaltools.gnu-tools-for-stm32.12.3.rel1.linux64_1.1.0.202410170702/tools/bin/../lib/gcc/arm-none-eabi/12.3.1/../../../../arm-none-eabi/lib/thumb/v7e-m+fp/hard/libm.a(libm_a-sf_fabs.o)
                0x08026924                fabsf
 *fill*         0x08026932        0x2 
 .text.scalbnf  0x08026934       0xcc /opt/st/stm32cubeide_1.17.0/plugins/com.st.stm32cube.ide.mcu.externaltools.gnu-tools-for-stm32.12.3.rel1.linux64_1.1.0.202410170702/tools/bin/../lib/gcc/arm-none-eabi/12.3.1/../../../../arm-none-eabi/lib/thumb/v7e-m+fp/hard/libm.a(libm_a-sf_scalbn.o)
                0x08026934                scalbnf
 .text.with_errnof
                0x08026a00       0x1c /opt/st/stm32cubeide_1.17.0/plugins/com.st.stm32cube.ide.mcu.externaltools.gnu-tools-for-stm32.12.3.rel1.linux64_1.1.0.202410170702/tools/bin/../lib/gcc/arm-none-eabi/12.3.1/../../../../arm-none-eabi/lib/thumb/v7e-m+fp/hard/libm.a(libm_a-math_errf.o)
 .text.xflowf   0x08026a1c       0x16 /opt/st/stm32cubeide_1.17.0/plugins/com.st.stm32cube.ide.mcu.externaltools.gnu-tools-for-stm32.12.3.rel1.linux64_1.1.0.202410170702/tools/bin/../lib/gcc/arm-none-eabi/12.3.1/../../../../arm-none-eabi/lib/thumb/v7e-m+fp/hard/libm.a(libm_a-math_errf.o)
 *fill*         0x08026a32        0x2 
 .text.__math_uflowf
                0x08026a34        0xc /opt/st/stm32cubeide_1.17.0/plugins/com.st.stm32cube.ide.mcu.externaltools.gnu-tools-for-stm32.12.3.rel1.linux64_1.1.0.202410170702/tools/bin/../lib/gcc/arm-none-eabi/12.3.1/../../../../arm-none-eabi/lib/thumb/v7e-m+fp/hard/libm.a(libm_a-math_errf.o)
                0x08026a34                __math_uflowf
 .text.__math_oflowf
                0x08026a40        0xc /opt/st/stm32cubeide_1.17.0/plugins/com.st.stm32cube.ide.mcu.externaltools.gnu-tools-for-stm32.12.3.rel1.linux64_1.1.0.202410170702/tools/bin/../lib/gcc/arm-none-eabi/12.3.1/../../../../arm-none-eabi/lib/thumb/v7e-m+fp/hard/libm.a(libm_a-math_errf.o)
                0x08026a40                __math_oflowf
 .text.__ieee754_sqrtf
                0x08026a4c        0x6 /opt/st/stm32cubeide_1.17.0/plugins/com.st.stm32cube.ide.mcu.externaltools.gnu-tools-for-stm32.12.3.rel1.linux64_1.1.0.202410170702/tools/bin/../lib/gcc/arm-none-eabi/12.3.1/../../../../arm-none-eabi/lib/thumb/v7e-m+fp/hard/libm.a(libm_a-ef_sqrt.o)
                0x08026a4c                __ieee754_sqrtf
 *fill*         0x08026a52        0x2 